MPLINK 4.20, Linker
Linker Map File - Created Tue Dec 06 15:10:16 2016

                                 Section Info
                  Section       Type    Address   Location Size(Bytes)
                ---------  ---------  ---------  ---------  ---------
               _entry_scn       code   0x000000    program   0x000006
           .code___init.o       code   0x000006    program   0x000002
                     isrh       code   0x000008    program   0x000006
     .idata_Debug\Isr.o_i    romdata   0x00000e    program   0x000000
     .romdata_Debug\Isr.o    romdata   0x00000e    program   0x000000
  .idata_Debug\salloc.o_i    romdata   0x00000e    program   0x000000
  .romdata_Debug\salloc.o    romdata   0x00000e    program   0x000000
   .idata_Debug\Power.o_i    romdata   0x00000e    program   0x000000
   .romdata_Debug\Power.o    romdata   0x00000e    program   0x000000
.idata_Debug\USB_Module.o_i    romdata   0x00000e    program   0x000000
.romdata_Debug\USB_Module.o    romdata   0x00000e    program   0x000000
     .idata_Debug\ADC.o_i    romdata   0x00000e    program   0x000000
     .romdata_Debug\ADC.o    romdata   0x00000e    program   0x000000
     .idata_Debug\RTC.o_i    romdata   0x00000e    program   0x000000
     .romdata_Debug\RTC.o    romdata   0x00000e    program   0x000000
   .idata_Debug\delay.o_i    romdata   0x00000e    program   0x000000
   .romdata_Debug\delay.o    romdata   0x00000e    program   0x000000
   .idata_Debug\Flash.o_i    romdata   0x00000e    program   0x000000
   .romdata_Debug\Flash.o    romdata   0x00000e    program   0x000000
      .idata_fxd1616u.o_i    romdata   0x00000e    program   0x000000
      .romdata_fxd1616u.o    romdata   0x00000e    program   0x000000
        .idata___init.o_i    romdata   0x00000e    program   0x000000
        .romdata___init.o    romdata   0x00000e    program   0x000000
  .romdata_Debug\Module.o    romdata   0x00000e    program   0x000000
  .idata_Debug\Module.o_i    romdata   0x00000e    program   0x000000
         .idata_c018i.o_i    romdata   0x00000e    program   0x000000
         .romdata_c018i.o    romdata   0x00000e    program   0x000000
     .romdata_Debug\Key.o    romdata   0x00000e    program   0x000000
     .idata_Debug\Key.o_i    romdata   0x00000e    program   0x000000
      .romdata_Debug\UI.o    romdata   0x00000e    program   0x000000
            .code_c018i.o       code   0x00000e    program   0x000000
    .idata_Debug\Main.o_i    romdata   0x00000e    program   0x000000
    .romdata_Debug\Main.o    romdata   0x00000e    program   0x000000
                     isrl       code   0x000018    program   0x000006
                   .cinit    romdata   0x00001e    program   0x00000e
      .code_Debug\Power.o       code   0x00002c    program   0x00095a
         .code_Debug\UI.o       code   0x000986    program   0x000840
     .code_Debug\salloc.o       code   0x0011c6    program   0x000558
        .code_Debug\RTC.o       code   0x00171e    program   0x000498
     .code_Debug\Module.o       code   0x001bb6    program   0x000388
      .code_Debug\Flash.o       code   0x001f3e    program   0x00023a
        .code_Debug\Key.o       code   0x002178    program   0x00022e
        .code_Debug\ADC.o       code   0x0023a6    program   0x000218
        .code_Debug\Isr.o       code   0x0025be    program   0x000108
       .code_Debug\Main.o       code   0x0026c6    program   0x0000f2
 .code_Debug\USB_Module.o       code   0x0027b8    program   0x0000f0
               _cinit_scn       code   0x0028a8    program   0x00009e
      .code_Debug\delay.o       code   0x002946    program   0x000058
                     PROG       code   0x00299e    program   0x00003c
         .code_fxd1616u.o       code   0x0029da    program   0x00002c
              D1KTCYXCODE       code   0x002a06    program   0x000020
             _startup_scn       code   0x002a26    program   0x00001c
              D10TCYXCODE       code   0x002a42    program   0x000016
                    .code       code   0x002a58    program   0x00000e
      .idata_Debug\UI.o_i    romdata   0x002a66    program   0x000047
.config_7ff8_Debug\Main.o    romdata   0x007ff8    program   0x000001
.config_7ff9_Debug\Main.o    romdata   0x007ff9    program   0x000001
.config_7ffa_Debug\Main.o    romdata   0x007ffa    program   0x000001
.config_7ffb_Debug\Main.o    romdata   0x007ffb    program   0x000001
.config_7ffc_Debug\Main.o    romdata   0x007ffc    program   0x000001
.config_7ffd_Debug\Main.o    romdata   0x007ffd    program   0x000001
                MATH_DATA      udata   0x000000       data   0x000014
                 .tmpdata      udata   0x000014       data   0x000004
                DELAYDAT1      udata   0x000018       data   0x000001
              _SRAM_ALLOC      udata   0x000019       data   0x000000
        .idata_Debug\UI.o      idata   0x000060       data   0x000047
       .udata_Debug\RTC.o      udata   0x0000a7       data   0x000018
     .udata_Debug\Power.o      udata   0x0000bf       data   0x000014
        .udata_Debug\UI.o      udata   0x0000d3       data   0x000010
       .udata_Debug\ADC.o      udata   0x0000e3       data   0x00000d
           .udata_c018i.o      udata   0x0000f0       data   0x00000a
       .udata_Debug\Key.o      udata   0x0000fa       data   0x000005
       .idata_Debug\ADC.o      idata   0x0000ff       data   0x000000
       .idata_Debug\RTC.o      idata   0x0000ff       data   0x000000
     .udata_Debug\delay.o      udata   0x0000ff       data   0x000000
     .idata_Debug\delay.o      idata   0x0000ff       data   0x000000
     .udata_Debug\Flash.o      udata   0x0000ff       data   0x000000
     .idata_Debug\Flash.o      idata   0x0000ff       data   0x000000
        .udata_fxd1616u.o      udata   0x0000ff       data   0x000000
        .idata_fxd1616u.o      idata   0x0000ff       data   0x000000
          .udata___init.o      udata   0x0000ff       data   0x000000
          .idata___init.o      idata   0x0000ff       data   0x000000
.idata_Debug\USB_Module.o      idata   0x0000ff       data   0x000000
     .idata_Debug\Power.o      idata   0x0000ff       data   0x000000
    .idata_Debug\salloc.o      idata   0x0000ff       data   0x000000
    .udata_Debug\salloc.o      udata   0x0000ff       data   0x000000
       .idata_Debug\Isr.o      idata   0x0000ff       data   0x000000
       .udata_Debug\Isr.o      udata   0x0000ff       data   0x000000
    .idata_Debug\Module.o      idata   0x0000ff       data   0x000000
           .idata_c018i.o      idata   0x0000ff       data   0x000000
      .udata_Debug\Main.o      udata   0x0000ff       data   0x000000
      .idata_Debug\Main.o      idata   0x0000ff       data   0x000000
       .idata_Debug\Key.o      idata   0x0000ff       data   0x000000
         _SRAM_ALLOC_HEAP      udata   0x000a00       data   0x000200
                   .stack      udata   0x000d00       data   0x000100
    .udata_Debug\Module.o      udata   0x000e00       data   0x000004
.udata_Debug\USB_Module.o      udata   0x000e04       data   0x000002
            SFR_UNBANKED0      udata   0x000ec6       data   0x000019
            SFR_UNBANKED1      udata   0x000ee7       data   0x000019
            SFR_UNBANKED2      udata   0x000f26       data   0x0000da



                              Program Memory Usage 
                               Start         End      
                           ---------   ---------      
                            0x000000    0x00000d      
                            0x000018    0x002aac      
                            0x007ff8    0x007ffd      
            10921 out of 32769 program addresses used, program memory utilization is 33%



                              Symbols - Sorted by Name
                     Name    Address   Location    Storage File                     
                ---------  ---------  ---------  --------- ---------                
           ADC_Initialize   0x0023a6    program     extern D:\Mist Wriper\MW Gen01 010113\Test Mist Wriper_1\Power\ADC.c
     ADC_InterruptHandler   0x00246e    program     extern D:\Mist Wriper\MW Gen01 010113\Test Mist Wriper_1\Power\ADC.c
           ADCif_CloseADC   0x0023cc    program     extern D:\Mist Wriper\MW Gen01 010113\Test Mist Wriper_1\Power\ADC.c
    ADCif_NewEventHandler   0x002528    program     extern D:\Mist Wriper\MW Gen01 010113\Test Mist Wriper_1\Power\ADC.c
          ADCif_SampleADC   0x0023dc    program     extern D:\Mist Wriper\MW Gen01 010113\Test Mist Wriper_1\Power\ADC.c
                    D10_1   0x002a52    program     static C:\MCC18\src\traditional\delays\d10tcyx.asm
                     D10x   0x002a4a    program     static C:\MCC18\src\traditional\delays\d10tcyx.asm
                    D1K_1   0x002a12    program     static C:\MCC18\src\traditional\delays\d1ktcyx.asm
                     D1Kx   0x002a10    program     static C:\MCC18\src\traditional\delays\d1ktcyx.asm
              Delay10TCYx   0x002a42    program     extern C:\MCC18\src\traditional\delays\d10tcyx.asm
                Delay10Us   0x002946    program     extern D:\Mist Wriper\MW Gen01 010113\Test Mist Wriper_1\salloc\delay.c
              Delay1KTCYx   0x002a06    program     extern C:\MCC18\src\traditional\delays\d1ktcyx.asm
                  DelayMs   0x002970    program     extern D:\Mist Wriper\MW Gen01 010113\Test Mist Wriper_1\salloc\delay.c
                 FXD1616U   0x0029da    program     extern C:\MCC18\src\traditional\math\fxd1616u.c
                 FXM1616U   0x00299e    program     extern C:\MCC18\src\traditional\math\fxm1616u.asm
              Flash_Erase   0x001f3e    program     extern D:\Mist Wriper\MW Gen01 010113\Test Mist Wriper_1\Flash\Flash.c
               Flash_Read   0x00202a    program     extern D:\Mist Wriper\MW Gen01 010113\Test Mist Wriper_1\Flash\Flash.c
          Flash_WordWrite   0x0020c4    program     extern D:\Mist Wriper\MW Gen01 010113\Test Mist Wriper_1\Flash\Flash.c
                     ISRH   0x0025be    program     extern D:\Mist Wriper\MW Gen01 010113\Test Mist Wriper_1\Main\Isr.c
                     ISRL   0x0026a0    program     extern D:\Mist Wriper\MW Gen01 010113\Test Mist Wriper_1\Main\Isr.c
    KeyIf_NewEventHandler   0x0021b4    program     extern D:\Mist Wriper\MW Gen01 010113\Test Mist Wriper_1\UI\Key.c
Key_DebounceInterruptHandler   0x002222    program     extern D:\Mist Wriper\MW Gen01 010113\Test Mist Wriper_1\UI\Key.c
         Key_FindKeyValue   0x002348    program     extern D:\Mist Wriper\MW Gen01 010113\Test Mist Wriper_1\UI\Key.c
           Key_GetKeyData   0x002324    program     extern D:\Mist Wriper\MW Gen01 010113\Test Mist Wriper_1\UI\Key.c
     Key_InitializeModule   0x002178    program     extern D:\Mist Wriper\MW Gen01 010113\Test Mist Wriper_1\UI\Key.c
             Key_ParseKey   0x002260    program     extern D:\Mist Wriper\MW Gen01 010113\Test Mist Wriper_1\UI\Key.c
         Key_PressTimeOut   0x00239a    program     extern D:\Mist Wriper\MW Gen01 010113\Test Mist Wriper_1\UI\Key.c
        Keyif_GetKeyState   0x002392    program     extern D:\Mist Wriper\MW Gen01 010113\Test Mist Wriper_1\UI\Key.c
Main_CheckSystemIdleState   0x002770    program     extern D:\Mist Wriper\MW Gen01 010113\Test Mist Wriper_1\Main\Main.c
     Main_HandlePowerSave   0x002762    program     extern D:\Mist Wriper\MW Gen01 010113\Test Mist Wriper_1\Main\Main.c
        Main_InitPinRemap   0x002744    program     extern D:\Mist Wriper\MW Gen01 010113\Test Mist Wriper_1\Main\Main.c
     Main_InitPortSetting   0x002714    program     extern D:\Mist Wriper\MW Gen01 010113\Test Mist Wriper_1\Main\Main.c
    Main_SystemInitialize   0x0026f0    program     extern D:\Mist Wriper\MW Gen01 010113\Test Mist Wriper_1\Main\Main.c
         Module_AddSignal   0x001bec    program     extern D:\Mist Wriper\MW Gen01 010113\Test Mist Wriper_1\Module\Module.c
   Module_CheckQueueEmpty   0x001efe    program     extern D:\Mist Wriper\MW Gen01 010113\Test Mist Wriper_1\Module\Module.c
      Module_HandleSignal   0x001e6e    program     extern D:\Mist Wriper\MW Gen01 010113\Test Mist Wriper_1\Module\Module.c
   Module_InitSignalQueue   0x001bb6    program     extern D:\Mist Wriper\MW Gen01 010113\Test Mist Wriper_1\Module\Module.c
   Module_RemoveAllSignal   0x001dbc    program     extern D:\Mist Wriper\MW Gen01 010113\Test Mist Wriper_1\Module\Module.c
      Module_RemoveSignal   0x001d3c    program     extern D:\Mist Wriper\MW Gen01 010113\Test Mist Wriper_1\Module\Module.c
      Power_GetChipStatus   0x000946    program     extern D:\Mist Wriper\MW Gen01 010113\Test Mist Wriper_1\Power\Power.c
         Power_Initialize   0x00002c    program     extern D:\Mist Wriper\MW Gen01 010113\Test Mist Wriper_1\Power\Power.c
Power_SampleBatteryAlgorithm   0x000164    program     extern D:\Mist Wriper\MW Gen01 010113\Test Mist Wriper_1\Power\Power.c
Powerif_CheckBatteryICTemperature   0x00070c    program     extern D:\Mist Wriper\MW Gen01 010113\Test Mist Wriper_1\Power\Power.c
Powerif_CheckToClearLowBatFlag   0x000790    program     extern D:\Mist Wriper\MW Gen01 010113\Test Mist Wriper_1\Power\Power.c
Powerif_ClearFullChargeFlag   0x00091c    program     extern D:\Mist Wriper\MW Gen01 010113\Test Mist Wriper_1\Power\Power.c
Powerif_GetBandGapSampleState   0x000814    program     extern D:\Mist Wriper\MW Gen01 010113\Test Mist Wriper_1\Power\Power.c
  Powerif_GetBatteryLevel   0x00069a    program     extern D:\Mist Wriper\MW Gen01 010113\Test Mist Wriper_1\Power\Power.c
Powerif_GetBatterySampleState   0x000754    program     extern D:\Mist Wriper\MW Gen01 010113\Test Mist Wriper_1\Power\Power.c
Powerif_GetChargingSprayTurnonStatus   0x000788    program     extern D:\Mist Wriper\MW Gen01 010113\Test Mist Wriper_1\Power\Power.c
Powerif_GetLowBatReadFlashData   0x00081c    program     extern D:\Mist Wriper\MW Gen01 010113\Test Mist Wriper_1\Power\Power.c
 Powerif_HandleBandGapRef   0x0007bc    program     extern D:\Mist Wriper\MW Gen01 010113\Test Mist Wriper_1\Power\Power.c
Powerif_IsBatteryFullCharged   0x00067c    program     extern D:\Mist Wriper\MW Gen01 010113\Test Mist Wriper_1\Power\Power.c
Powerif_IsBatterySprayLevel   0x0006f4    program     extern D:\Mist Wriper\MW Gen01 010113\Test Mist Wriper_1\Power\Power.c
  Powerif_IsLowPowerState   0x00065c    program     extern D:\Mist Wriper\MW Gen01 010113\Test Mist Wriper_1\Power\Power.c
Powerif_SetBatteryFullChargedStatus   0x000684    program     extern D:\Mist Wriper\MW Gen01 010113\Test Mist Wriper_1\Power\Power.c
Powerif_SetBatterySampleState   0x00075c    program     extern D:\Mist Wriper\MW Gen01 010113\Test Mist Wriper_1\Power\Power.c
  Powerif_SetBatteryValue   0x0000e2    program     extern D:\Mist Wriper\MW Gen01 010113\Test Mist Wriper_1\Power\Power.c
Powerif_SetChargingSprayTurnonStatus   0x000772    program     extern D:\Mist Wriper\MW Gen01 010113\Test Mist Wriper_1\Power\Power.c
Powerif_SetFullChargeTimeFlag   0x000930    program     extern D:\Mist Wriper\MW Gen01 010113\Test Mist Wriper_1\Power\Power.c
Powerif_SetLowBatFlashData   0x000896    program     extern D:\Mist Wriper\MW Gen01 010113\Test Mist Wriper_1\Power\Power.c
           RTC_Initialize   0x00171e    program     extern D:\Mist Wriper\MW Gen01 010113\Test Mist Wriper_1\Main\RTC.c
       RTC_TimeOutHandler   0x001876    program     extern D:\Mist Wriper\MW Gen01 010113\Test Mist Wriper_1\Main\RTC.c
         RTC_TimerHandler   0x001772    program     extern D:\Mist Wriper\MW Gen01 010113\Test Mist Wriper_1\Main\RTC.c
           RTCif_ClearWDT   0x001b34    program     extern D:\Mist Wriper\MW Gen01 010113\Test Mist Wriper_1\Main\RTC.c
RTCif_GetChargingLEDOffTime   0x001aa2    program     extern D:\Mist Wriper\MW Gen01 010113\Test Mist Wriper_1\Main\RTC.c
RTCif_GetFullChargingTime   0x001b8c    program     extern D:\Mist Wriper\MW Gen01 010113\Test Mist Wriper_1\Main\RTC.c
RTCif_GetPizeoPWMTurnOffTime   0x001b98    program     extern D:\Mist Wriper\MW Gen01 010113\Test Mist Wriper_1\Main\RTC.c
    RTCif_GetSprayOffTime   0x001b56    program     extern D:\Mist Wriper\MW Gen01 010113\Test Mist Wriper_1\Main\RTC.c
         RTCif_GetWDTFlag   0x001b26    program     extern D:\Mist Wriper\MW Gen01 010113\Test Mist Wriper_1\Main\RTC.c
RTCif_SetBatterySampleTime   0x001a5a    program     extern D:\Mist Wriper\MW Gen01 010113\Test Mist Wriper_1\Main\RTC.c
RTCif_SetBatteryTemperatureCheckTime   0x001ac4    program     extern D:\Mist Wriper\MW Gen01 010113\Test Mist Wriper_1\Main\RTC.c
RTCif_SetChargingLEDOffTime   0x001a88    program     extern D:\Mist Wriper\MW Gen01 010113\Test Mist Wriper_1\Main\RTC.c
RTCif_SetFullChargingTime   0x001b5e    program     extern D:\Mist Wriper\MW Gen01 010113\Test Mist Wriper_1\Main\RTC.c
RTCif_SetHalfSecondTimeout   0x0019d8    program     extern D:\Mist Wriper\MW Gen01 010113\Test Mist Wriper_1\Main\RTC.c
RTCif_SetKeyLongPressTime   0x001aaa    program     extern D:\Mist Wriper\MW Gen01 010113\Test Mist Wriper_1\Main\RTC.c
RTCif_SetKeyPressTimeforFacotyTestMode   0x001b0c    program     extern D:\Mist Wriper\MW Gen01 010113\Test Mist Wriper_1\Main\RTC.c
        RTCif_SetLEDTimer   0x0019de    program     extern D:\Mist Wriper\MW Gen01 010113\Test Mist Wriper_1\Main\RTC.c
RTCif_SetLowBatteryLEDFlashingTime   0x001af2    program     extern D:\Mist Wriper\MW Gen01 010113\Test Mist Wriper_1\Main\RTC.c
RTCif_SetPizeoPWMTurnOffTime   0x001ba0    program     extern D:\Mist Wriper\MW Gen01 010113\Test Mist Wriper_1\Main\RTC.c
    RTCif_SetSprayOffTime   0x001b3c    program     extern D:\Mist Wriper\MW Gen01 010113\Test Mist Wriper_1\Main\RTC.c
             SRAMInitHeap   0x001448    program     extern D:\Mist Wriper\MW Gen01 010113\Test Mist Wriper_1\salloc\salloc.c
                SRAMalloc   0x0011c6    program     extern D:\Mist Wriper\MW Gen01 010113\Test Mist Wriper_1\salloc\salloc.c
                 SRAMfree   0x00141c    program     extern D:\Mist Wriper\MW Gen01 010113\Test Mist Wriper_1\salloc\salloc.c
UIIf_HandleFastBlinkLEDTimeout   0x0010fc    program     extern D:\Mist Wriper\MW Gen01 010113\Test Mist Wriper_1\UI\UI.c
   UI_CheckBatteryHandler   0x000d60    program     extern D:\Mist Wriper\MW Gen01 010113\Test Mist Wriper_1\UI\UI.c
       UI_ConfigPWMTimer2   0x000ba8    program     extern D:\Mist Wriper\MW Gen01 010113\Test Mist Wriper_1\UI\UI.c
       UI_ConfigPWMTimer4   0x000bae    program     extern D:\Mist Wriper\MW Gen01 010113\Test Mist Wriper_1\UI\UI.c
UI_ConfigPiezoSoftwarePWM   0x000ed2    program     extern D:\Mist Wriper\MW Gen01 010113\Test Mist Wriper_1\UI\UI.c
   UI_HandleCCP2Interrupt   0x000fc4    program     extern D:\Mist Wriper\MW Gen01 010113\Test Mist Wriper_1\UI\UI.c
  UI_HandleFactoryTesting   0x000a8c    program     extern D:\Mist Wriper\MW Gen01 010113\Test Mist Wriper_1\UI\UI.c
      UI_InitializeModule   0x000986    program     extern D:\Mist Wriper\MW Gen01 010113\Test Mist Wriper_1\UI\UI.c
            UI_PollingPWM   0x001068    program     extern D:\Mist Wriper\MW Gen01 010113\Test Mist Wriper_1\UI\UI.c
       UI_PowerKeyHandler   0x000a6a    program     extern D:\Mist Wriper\MW Gen01 010113\Test Mist Wriper_1\UI\UI.c
UI_PowerKeyLongPressHandler   0x000a8a    program     extern D:\Mist Wriper\MW Gen01 010113\Test Mist Wriper_1\UI\UI.c
         UI_SignalHandler   0x0009e4    program     extern D:\Mist Wriper\MW Gen01 010113\Test Mist Wriper_1\UI\UI.c
          UI_StopBlinkLED   0x000cfa    program     extern D:\Mist Wriper\MW Gen01 010113\Test Mist Wriper_1\UI\UI.c
            UI_TurnOffPWM   0x000fd8    program     extern D:\Mist Wriper\MW Gen01 010113\Test Mist Wriper_1\UI\UI.c
       UI_UpdateTimer1CCP   0x000f44    program     extern D:\Mist Wriper\MW Gen01 010113\Test Mist Wriper_1\UI\UI.c
       UI_UpdateTimer3CCP   0x000f84    program     extern D:\Mist Wriper\MW Gen01 010113\Test Mist Wriper_1\UI\UI.c
   UIif_AlternateLEDBlink   0x00112e    program     extern D:\Mist Wriper\MW Gen01 010113\Test Mist Wriper_1\UI\UI.c
    UIif_BatteryTempFault   0x000e40    program     extern D:\Mist Wriper\MW Gen01 010113\Test Mist Wriper_1\UI\UI.c
UIif_GetBatteryTempFaultStatus   0x000eca    program     extern D:\Mist Wriper\MW Gen01 010113\Test Mist Wriper_1\UI\UI.c
UIif_GetFullBatteryStatus   0x000e38    program     extern D:\Mist Wriper\MW Gen01 010113\Test Mist Wriper_1\UI\UI.c
 UIif_GetLowBatteryStatus   0x000e1a    program     extern D:\Mist Wriper\MW Gen01 010113\Test Mist Wriper_1\UI\UI.c
      UIif_GetModuleState   0x000b8a    program     extern D:\Mist Wriper\MW Gen01 010113\Test Mist Wriper_1\UI\UI.c
     UIif_GetRedLEDStatus   0x001192    program     extern D:\Mist Wriper\MW Gen01 010113\Test Mist Wriper_1\UI\UI.c
     UIif_GetTestModeFlag   0x001126    program     extern D:\Mist Wriper\MW Gen01 010113\Test Mist Wriper_1\UI\UI.c
         UIif_SetBlinkLED   0x000c22    program     extern D:\Mist Wriper\MW Gen01 010113\Test Mist Wriper_1\UI\UI.c
 UIif_SetLowBatteryStatus   0x000e22    program     extern D:\Mist Wriper\MW Gen01 010113\Test Mist Wriper_1\UI\UI.c
      UIif_SetModuleState   0x000b92    program     extern D:\Mist Wriper\MW Gen01 010113\Test Mist Wriper_1\UI\UI.c
  UIif_SetPowerFullStatus   0x0011b0    program     extern D:\Mist Wriper\MW Gen01 010113\Test Mist Wriper_1\UI\UI.c
     UIif_SetRedLEDStatus   0x00119a    program     extern D:\Mist Wriper\MW Gen01 010113\Test Mist Wriper_1\UI\UI.c
     UIif_SetTestModeFlag   0x001110    program     extern D:\Mist Wriper\MW Gen01 010113\Test Mist Wriper_1\UI\UI.c
   UIif_StartFastBlinkLED   0x0010c6    program     extern D:\Mist Wriper\MW Gen01 010113\Test Mist Wriper_1\UI\UI.c
      UIif_StartPWMPIZEO1   0x000bb4    program     extern D:\Mist Wriper\MW Gen01 010113\Test Mist Wriper_1\UI\UI.c
      UIif_StartPWMPIZEO2   0x000c0e    program     extern D:\Mist Wriper\MW Gen01 010113\Test Mist Wriper_1\UI\UI.c
       UIif_StopPWMPIZEO1   0x000bf2    program     extern D:\Mist Wriper\MW Gen01 010113\Test Mist Wriper_1\UI\UI.c
       UIif_StopPWMPIZEO2   0x000c12    program     extern D:\Mist Wriper\MW Gen01 010113\Test Mist Wriper_1\UI\UI.c
        UIif_SwitchtoIdle   0x001148    program     extern D:\Mist Wriper\MW Gen01 010113\Test Mist Wriper_1\UI\UI.c
       UIif_SwitchtoPizeo   0x001168    program     extern D:\Mist Wriper\MW Gen01 010113\Test Mist Wriper_1\UI\UI.c
         USB_EventHandler   0x0027e4    program     extern D:\Mist Wriper\MW Gen01 010113\Test Mist Wriper_1\USB\USB_Module.c
     USB_InitializeModule   0x0027b8    program     extern D:\Mist Wriper\MW Gen01 010113\Test Mist Wriper_1\USB\USB_Module.c
        USBif_GetUSBState   0x002802    program     extern D:\Mist Wriper\MW Gen01 010113\Test Mist Wriper_1\USB\USB_Module.c
   USBif_InterruptHandler   0x00280a    program     extern D:\Mist Wriper\MW Gen01 010113\Test Mist Wriper_1\USB\USB_Module.c
        USBif_SetUSBState   0x0027f0    program     extern D:\Mist Wriper\MW Gen01 010113\Test Mist Wriper_1\USB\USB_Module.c
        _D10TCYXCODE_000A   0x002a4c    program     static C:\MCC18\src\traditional\delays\d10tcyx.asm
        _D10TCYXCODE_000C   0x002a4e    program     static C:\MCC18\src\traditional\delays\d10tcyx.asm
        _D10TCYXCODE_000E   0x002a50    program     static C:\MCC18\src\traditional\delays\d10tcyx.asm
        _D1KTCYXCODE_0010   0x002a16    program     static C:\MCC18\src\traditional\delays\d1ktcyx.asm
        _D1KTCYXCODE_0016   0x002a1c    program     static C:\MCC18\src\traditional\delays\d1ktcyx.asm
               _SRAMmerge   0x001526    program     extern D:\Mist Wriper\MW Gen01 010113\Test Mist Wriper_1\salloc\salloc.c
           ___do_lbl00011   0x0027b6    program     static                          
           ___do_lbl00012   0x0027b6    program     static                          
           ___do_lbl00022   0x002770    program     static                          
         ___else_lbl00039   0x0018f0    program     static                          
         ___else_lbl00052   0x001996    program     static                          
           ___if_lbl00011   0x002150    program     static                          
           ___if_lbl00012   0x002160    program     static                          
           ___if_lbl00013   0x00277a    program     static                          
           ___if_lbl00015   0x00278c    program     static                          
           ___if_lbl00018   0x0027a0    program     static                          
           ___if_lbl00019   0x0027a4    program     static                          
           ___if_lbl00021   0x0027b4    program     static                          
           ___if_lbl00034   0x00188a    program     static                          
           ___if_lbl00035   0x00189c    program     static                          
           ___if_lbl00036   0x0018b0    program     static                          
           ___if_lbl00037   0x0018c4    program     static                          
           ___if_lbl00038   0x0018fc    program     static                          
           ___if_lbl00040   0x0018fc    program     static                          
           ___if_lbl00041   0x001918    program     static                          
           ___if_lbl00042   0x001918    program     static                          
           ___if_lbl00043   0x001926    program     static                          
           ___if_lbl00044   0x001934    program     static                          
           ___if_lbl00045   0x00193e    program     static                          
           ___if_lbl00046   0x00197a    program     static                          
           ___if_lbl00047   0x00197a    program     static                          
           ___if_lbl00048   0x00197a    program     static                          
           ___if_lbl00050   0x0019ac    program     static                          
           ___if_lbl00051   0x0019ac    program     static                          
           ___if_lbl00053   0x0019ac    program     static                          
           ___if_lbl00054   0x0019c0    program     static                          
           ___if_lbl00055   0x0019ce    program     static                          
       ___return_lbl00000   0x00000c    program     static                          
       ___return_lbl00000   0x0026ee    program     static                          
       ___return_lbl00000   0x002a04    program     static                          
       ___return_lbl00000   0x000004    program     static                          
       ___return_lbl00001   0x00001c    program     static                          
       ___return_lbl00001   0x002a40    program     static                          
       ___return_lbl00002   0x002944    program     static                          
       ___return_lbl00007   0x0020b0    program     static                          
       ___return_lbl00010   0x0027b6    program     static                          
       ___return_lbl00010   0x002164    program     static                          
       ___return_lbl00033   0x0019ce    program     static                          
       ___return_lbl00036   0x000c10    program     static                          
        ___while_lbl00001   0x0026c8    program     static                          
        ___while_lbl00002   0x0026ee    program     static                          
        ___while_lbl00008   0x002066    program     static                          
        ___while_lbl00009   0x0020b0    program     static                          
        ___while_lbl00013   0x002160    program     static                          
        ___while_lbl00014   0x002164    program     static                          
               __config_0   0x007ff8    program     static D:\Mist Wriper\MW Gen01 010113\Test Mist Wriper_1\Main\Main.c
               __config_1   0x007ff9    program     static D:\Mist Wriper\MW Gen01 010113\Test Mist Wriper_1\Main\Main.c
               __config_2   0x007ffa    program     static D:\Mist Wriper\MW Gen01 010113\Test Mist Wriper_1\Main\Main.c
               __config_3   0x007ffb    program     static D:\Mist Wriper\MW Gen01 010113\Test Mist Wriper_1\Main\Main.c
               __config_4   0x007ffc    program     static D:\Mist Wriper\MW Gen01 010113\Test Mist Wriper_1\Main\Main.c
               __config_5   0x007ffd    program     static D:\Mist Wriper\MW Gen01 010113\Test Mist Wriper_1\Main\Main.c
                   __init   0x000006    program     extern C:\MCC18\src\traditional\stdclib\__init.c
               __tmplbl_0   0x001992    program     static                          
               __tmplbl_0   0x00278a    program     static                          
               __tmplbl_1   0x002782    program     static                          
               __tmplbl_1   0x00198c    program     static                          
               __tmplbl_2   0x00279e    program     static                          
               __tmplbl_3   0x002798    program     static                          
               __tmplbl_4   0x002792    program     static                          
               __tmplbl_5   0x0027b2    program     static                          
               __tmplbl_6   0x0027aa    program     static                          
            __zero_memory   0x002a58    program     extern C:\MCC18\src\traditional\proc\p18F45J50.asm
                _do_cinit   0x0028a8    program     extern C:\MCC18\src\traditional\startup\c018i.c
                   _entry   0x000000    program     extern C:\MCC18\src\traditional\startup\c018i.c
                 _startup   0x002a26    program     extern C:\MCC18\src\traditional\startup\c018i.c
               clear_loop   0x002a5e    program     static C:\MCC18\src\traditional\proc\p18F45J50.asm
                copy_loop   0x00291a    program     static                          
            copy_one_byte   0x002920    program     static                          
                     done   0x002944    program     static                          
             done_copying   0x00292e    program     static                          
                  endloop   0x002a00    program     static                          
                     isrh   0x000008    program     extern D:\Mist Wriper\MW Gen01 010113\Test Mist Wriper_1\Main\Isr.c
                     isrl   0x000018    program     extern D:\Mist Wriper\MW Gen01 010113\Test Mist Wriper_1\Main\Isr.c
                     loop   0x002a36    program     static                          
                     loop   0x0029e4    program     static                          
                     main   0x0026c6    program     extern D:\Mist Wriper\MW Gen01 010113\Test Mist Wriper_1\Main\Main.c
                     test   0x0028c2    program     static                          
                   ADCON0   0x000fc2       data     extern C:\MCC18\src\traditional\proc\p18F45J50.asm
               ADCON0bits   0x000fc2       data     extern C:\MCC18\src\traditional\proc\p18F45J50.asm
                   ADCON1   0x000fc1       data     extern C:\MCC18\src\traditional\proc\p18F45J50.asm
               ADCON1bits   0x000fc1       data     extern C:\MCC18\src\traditional\proc\p18F45J50.asm
                    ADRES   0x000fc3       data     extern C:\MCC18\src\traditional\proc\p18F45J50.asm
                   ADRESH   0x000fc4       data     extern C:\MCC18\src\traditional\proc\p18F45J50.asm
                   ADRESL   0x000fc3       data     extern C:\MCC18\src\traditional\proc\p18F45J50.asm
                  ALRMCFG   0x000f91       data     extern C:\MCC18\src\traditional\proc\p18F45J50.asm
              ALRMCFGbits   0x000f91       data     extern C:\MCC18\src\traditional\proc\p18F45J50.asm
                  ALRMRPT   0x000f90       data     extern C:\MCC18\src\traditional\proc\p18F45J50.asm
              ALRMRPTbits   0x000f90       data     extern C:\MCC18\src\traditional\proc\p18F45J50.asm
                 ALRMVALH   0x000f8f       data     extern C:\MCC18\src\traditional\proc\p18F45J50.asm
                 ALRMVALL   0x000f8e       data     extern C:\MCC18\src\traditional\proc\p18F45J50.asm
                   ANCON0   0x000f49       data     extern C:\MCC18\src\traditional\proc\p18F45J50.asm
               ANCON0bits   0x000f49       data     extern C:\MCC18\src\traditional\proc\p18F45J50.asm
                   ANCON1   0x000f48       data     extern C:\MCC18\src\traditional\proc\p18F45J50.asm
               ANCON1bits   0x000f48       data     extern C:\MCC18\src\traditional\proc\p18F45J50.asm
                 BAUDCON1   0x000f7e       data     extern C:\MCC18\src\traditional\proc\p18F45J50.asm
             BAUDCON1bits   0x000f7e       data     extern C:\MCC18\src\traditional\proc\p18F45J50.asm
                 BAUDCON2   0x000f7c       data     extern C:\MCC18\src\traditional\proc\p18F45J50.asm
             BAUDCON2bits   0x000f7c       data     extern C:\MCC18\src\traditional\proc\p18F45J50.asm
                      BSR   0x000fe0       data     extern C:\MCC18\src\traditional\proc\p18F45J50.asm
                  CCP1CON   0x000fba       data     extern C:\MCC18\src\traditional\proc\p18F45J50.asm
              CCP1CONbits   0x000fba       data     extern C:\MCC18\src\traditional\proc\p18F45J50.asm
                  CCP2CON   0x000fb4       data     extern C:\MCC18\src\traditional\proc\p18F45J50.asm
              CCP2CONbits   0x000fb4       data     extern C:\MCC18\src\traditional\proc\p18F45J50.asm
                    CCPR1   0x000fbb       data     extern C:\MCC18\src\traditional\proc\p18F45J50.asm
                   CCPR1H   0x000fbc       data     extern C:\MCC18\src\traditional\proc\p18F45J50.asm
                   CCPR1L   0x000fbb       data     extern C:\MCC18\src\traditional\proc\p18F45J50.asm
                    CCPR2   0x000fb5       data     extern C:\MCC18\src\traditional\proc\p18F45J50.asm
                   CCPR2H   0x000fb6       data     extern C:\MCC18\src\traditional\proc\p18F45J50.asm
                   CCPR2L   0x000fb5       data     extern C:\MCC18\src\traditional\proc\p18F45J50.asm
                  CM1CON1   0x000fd2       data     extern C:\MCC18\src\traditional\proc\p18F45J50.asm
              CM1CON1bits   0x000fd2       data     extern C:\MCC18\src\traditional\proc\p18F45J50.asm
                  CM2CON1   0x000fd1       data     extern C:\MCC18\src\traditional\proc\p18F45J50.asm
              CM2CON1bits   0x000fd1       data     extern C:\MCC18\src\traditional\proc\p18F45J50.asm
                   CMSTAT   0x000f70       data     extern C:\MCC18\src\traditional\proc\p18F45J50.asm
               CMSTATbits   0x000f70       data     extern C:\MCC18\src\traditional\proc\p18F45J50.asm
                 CTMUCONH   0x000fb3       data     extern C:\MCC18\src\traditional\proc\p18F45J50.asm
             CTMUCONHbits   0x000fb3       data     extern C:\MCC18\src\traditional\proc\p18F45J50.asm
                 CTMUCONL   0x000fb2       data     extern C:\MCC18\src\traditional\proc\p18F45J50.asm
             CTMUCONLbits   0x000fb2       data     extern C:\MCC18\src\traditional\proc\p18F45J50.asm
                 CTMUICON   0x000fb1       data     extern C:\MCC18\src\traditional\proc\p18F45J50.asm
             CTMUICONbits   0x000fb1       data     extern C:\MCC18\src\traditional\proc\p18F45J50.asm
                   CVRCON   0x000f53       data     extern C:\MCC18\src\traditional\proc\p18F45J50.asm
               CVRCONbits   0x000f53       data     extern C:\MCC18\src\traditional\proc\p18F45J50.asm
                   DMABCH   0x000f66       data     extern C:\MCC18\src\traditional\proc\p18F45J50.asm
               DMABCHbits   0x000f66       data     extern C:\MCC18\src\traditional\proc\p18F45J50.asm
                   DMABCL   0x000f67       data     extern C:\MCC18\src\traditional\proc\p18F45J50.asm
                  DMACON1   0x000f88       data     extern C:\MCC18\src\traditional\proc\p18F45J50.asm
              DMACON1bits   0x000f88       data     extern C:\MCC18\src\traditional\proc\p18F45J50.asm
                  DMACON2   0x000f86       data     extern C:\MCC18\src\traditional\proc\p18F45J50.asm
              DMACON2bits   0x000f86       data     extern C:\MCC18\src\traditional\proc\p18F45J50.asm
                 DMATXBUF   0x000f87       data     extern C:\MCC18\src\traditional\proc\p18F45J50.asm
                   DSCONH   0x000f4d       data     extern C:\MCC18\src\traditional\proc\p18F45J50.asm
               DSCONHbits   0x000f4d       data     extern C:\MCC18\src\traditional\proc\p18F45J50.asm
                   DSCONL   0x000f4c       data     extern C:\MCC18\src\traditional\proc\p18F45J50.asm
               DSCONLbits   0x000f4c       data     extern C:\MCC18\src\traditional\proc\p18F45J50.asm
                   DSGPR0   0x000f4e       data     extern C:\MCC18\src\traditional\proc\p18F45J50.asm
                   DSGPR1   0x000f4f       data     extern C:\MCC18\src\traditional\proc\p18F45J50.asm
                  DSWAKEH   0x000f4b       data     extern C:\MCC18\src\traditional\proc\p18F45J50.asm
              DSWAKEHbits   0x000f4b       data     extern C:\MCC18\src\traditional\proc\p18F45J50.asm
                  DSWAKEL   0x000f4a       data     extern C:\MCC18\src\traditional\proc\p18F45J50.asm
              DSWAKELbits   0x000f4a       data     extern C:\MCC18\src\traditional\proc\p18F45J50.asm
            DelayCounter1   0x000018       data     extern C:\MCC18\src\traditional\delays\delayd1.asm
                  ECCP1AS   0x000fbe       data     extern C:\MCC18\src\traditional\proc\p18F45J50.asm
              ECCP1ASbits   0x000fbe       data     extern C:\MCC18\src\traditional\proc\p18F45J50.asm
                  ECCP2AS   0x000fb8       data     extern C:\MCC18\src\traditional\proc\p18F45J50.asm
              ECCP2ASbits   0x000fb8       data     extern C:\MCC18\src\traditional\proc\p18F45J50.asm
                   EECON1   0x000fa6       data     extern C:\MCC18\src\traditional\proc\p18F45J50.asm
               EECON1bits   0x000fa6       data     extern C:\MCC18\src\traditional\proc\p18F45J50.asm
                   EECON2   0x000fa7       data     extern C:\MCC18\src\traditional\proc\p18F45J50.asm
                     FSR0   0x000fe9       data     extern C:\MCC18\src\traditional\proc\p18F45J50.asm
                    FSR0H   0x000fea       data     extern C:\MCC18\src\traditional\proc\p18F45J50.asm
                    FSR0L   0x000fe9       data     extern C:\MCC18\src\traditional\proc\p18F45J50.asm
                     FSR1   0x000fe1       data     extern C:\MCC18\src\traditional\proc\p18F45J50.asm
                    FSR1H   0x000fe2       data     extern C:\MCC18\src\traditional\proc\p18F45J50.asm
                    FSR1L   0x000fe1       data     extern C:\MCC18\src\traditional\proc\p18F45J50.asm
                     FSR2   0x000fd9       data     extern C:\MCC18\src\traditional\proc\p18F45J50.asm
                    FSR2H   0x000fda       data     extern C:\MCC18\src\traditional\proc\p18F45J50.asm
                    FSR2L   0x000fd9       data     extern C:\MCC18\src\traditional\proc\p18F45J50.asm
                  HLVDCON   0x000f85       data     extern C:\MCC18\src\traditional\proc\p18F45J50.asm
              HLVDCONbits   0x000f85       data     extern C:\MCC18\src\traditional\proc\p18F45J50.asm
                    INDF0   0x000fef       data     extern C:\MCC18\src\traditional\proc\p18F45J50.asm
                    INDF1   0x000fe7       data     extern C:\MCC18\src\traditional\proc\p18F45J50.asm
                    INDF2   0x000fdf       data     extern C:\MCC18\src\traditional\proc\p18F45J50.asm
                   INTCON   0x000ff2       data     extern C:\MCC18\src\traditional\proc\p18F45J50.asm
                  INTCON2   0x000ff1       data     extern C:\MCC18\src\traditional\proc\p18F45J50.asm
              INTCON2bits   0x000ff1       data     extern C:\MCC18\src\traditional\proc\p18F45J50.asm
                  INTCON3   0x000ff0       data     extern C:\MCC18\src\traditional\proc\p18F45J50.asm
              INTCON3bits   0x000ff0       data     extern C:\MCC18\src\traditional\proc\p18F45J50.asm
               INTCONbits   0x000ff2       data     extern C:\MCC18\src\traditional\proc\p18F45J50.asm
                     IPR1   0x000f9f       data     extern C:\MCC18\src\traditional\proc\p18F45J50.asm
                 IPR1bits   0x000f9f       data     extern C:\MCC18\src\traditional\proc\p18F45J50.asm
                     IPR2   0x000fa2       data     extern C:\MCC18\src\traditional\proc\p18F45J50.asm
                 IPR2bits   0x000fa2       data     extern C:\MCC18\src\traditional\proc\p18F45J50.asm
                     IPR3   0x000fa5       data     extern C:\MCC18\src\traditional\proc\p18F45J50.asm
                 IPR3bits   0x000fa5       data     extern C:\MCC18\src\traditional\proc\p18F45J50.asm
                     LATA   0x000f89       data     extern C:\MCC18\src\traditional\proc\p18F45J50.asm
                 LATAbits   0x000f89       data     extern C:\MCC18\src\traditional\proc\p18F45J50.asm
                     LATB   0x000f8a       data     extern C:\MCC18\src\traditional\proc\p18F45J50.asm
                 LATBbits   0x000f8a       data     extern C:\MCC18\src\traditional\proc\p18F45J50.asm
                     LATC   0x000f8b       data     extern C:\MCC18\src\traditional\proc\p18F45J50.asm
                 LATCbits   0x000f8b       data     extern C:\MCC18\src\traditional\proc\p18F45J50.asm
                     LATD   0x000f8c       data     extern C:\MCC18\src\traditional\proc\p18F45J50.asm
                 LATDbits   0x000f8c       data     extern C:\MCC18\src\traditional\proc\p18F45J50.asm
                     LATE   0x000f8d       data     extern C:\MCC18\src\traditional\proc\p18F45J50.asm
                 LATEbits   0x000f8d       data     extern C:\MCC18\src\traditional\proc\p18F45J50.asm
                   ODCON1   0x000f42       data     extern C:\MCC18\src\traditional\proc\p18F45J50.asm
               ODCON1bits   0x000f42       data     extern C:\MCC18\src\traditional\proc\p18F45J50.asm
                   ODCON2   0x000f41       data     extern C:\MCC18\src\traditional\proc\p18F45J50.asm
               ODCON2bits   0x000f41       data     extern C:\MCC18\src\traditional\proc\p18F45J50.asm
                   ODCON3   0x000f40       data     extern C:\MCC18\src\traditional\proc\p18F45J50.asm
               ODCON3bits   0x000f40       data     extern C:\MCC18\src\traditional\proc\p18F45J50.asm
                   OSCCON   0x000fd3       data     extern C:\MCC18\src\traditional\proc\p18F45J50.asm
               OSCCONbits   0x000fd3       data     extern C:\MCC18\src\traditional\proc\p18F45J50.asm
                  OSCTUNE   0x000f9b       data     extern C:\MCC18\src\traditional\proc\p18F45J50.asm
              OSCTUNEbits   0x000f9b       data     extern C:\MCC18\src\traditional\proc\p18F45J50.asm
                  PADCFG1   0x000f3c       data     extern C:\MCC18\src\traditional\proc\p18F45J50.asm
              PADCFG1bits   0x000f3c       data     extern C:\MCC18\src\traditional\proc\p18F45J50.asm
                       PC   0x000ff9       data     extern C:\MCC18\src\traditional\proc\p18F45J50.asm
                      PCL   0x000ff9       data     extern C:\MCC18\src\traditional\proc\p18F45J50.asm
                   PCLATH   0x000ffa       data     extern C:\MCC18\src\traditional\proc\p18F45J50.asm
                   PCLATU   0x000ffb       data     extern C:\MCC18\src\traditional\proc\p18F45J50.asm
                     PIE1   0x000f9d       data     extern C:\MCC18\src\traditional\proc\p18F45J50.asm
                 PIE1bits   0x000f9d       data     extern C:\MCC18\src\traditional\proc\p18F45J50.asm
                     PIE2   0x000fa0       data     extern C:\MCC18\src\traditional\proc\p18F45J50.asm
                 PIE2bits   0x000fa0       data     extern C:\MCC18\src\traditional\proc\p18F45J50.asm
                     PIE3   0x000fa3       data     extern C:\MCC18\src\traditional\proc\p18F45J50.asm
                 PIE3bits   0x000fa3       data     extern C:\MCC18\src\traditional\proc\p18F45J50.asm
                     PIR1   0x000f9e       data     extern C:\MCC18\src\traditional\proc\p18F45J50.asm
                 PIR1bits   0x000f9e       data     extern C:\MCC18\src\traditional\proc\p18F45J50.asm
                     PIR2   0x000fa1       data     extern C:\MCC18\src\traditional\proc\p18F45J50.asm
                 PIR2bits   0x000fa1       data     extern C:\MCC18\src\traditional\proc\p18F45J50.asm
                     PIR3   0x000fa4       data     extern C:\MCC18\src\traditional\proc\p18F45J50.asm
                 PIR3bits   0x000fa4       data     extern C:\MCC18\src\traditional\proc\p18F45J50.asm
                   PLUSW0   0x000feb       data     extern C:\MCC18\src\traditional\proc\p18F45J50.asm
                   PLUSW1   0x000fe3       data     extern C:\MCC18\src\traditional\proc\p18F45J50.asm
                   PLUSW2   0x000fdb       data     extern C:\MCC18\src\traditional\proc\p18F45J50.asm
                  PMADDRH   0x000f6f       data     extern C:\MCC18\src\traditional\proc\p18F45J50.asm
              PMADDRHbits   0x000f6f       data     extern C:\MCC18\src\traditional\proc\p18F45J50.asm
                  PMADDRL   0x000f6e       data     extern C:\MCC18\src\traditional\proc\p18F45J50.asm
              PMADDRLbits   0x000f6e       data     extern C:\MCC18\src\traditional\proc\p18F45J50.asm
                   PMCONH   0x000f5f       data     extern C:\MCC18\src\traditional\proc\p18F45J50.asm
               PMCONHbits   0x000f5f       data     extern C:\MCC18\src\traditional\proc\p18F45J50.asm
                   PMCONL   0x000f5e       data     extern C:\MCC18\src\traditional\proc\p18F45J50.asm
               PMCONLbits   0x000f5e       data     extern C:\MCC18\src\traditional\proc\p18F45J50.asm
                  PMDIN1H   0x000f6d       data     extern C:\MCC18\src\traditional\proc\p18F45J50.asm
                  PMDIN1L   0x000f6c       data     extern C:\MCC18\src\traditional\proc\p18F45J50.asm
                  PMDIN2H   0x000f59       data     extern C:\MCC18\src\traditional\proc\p18F45J50.asm
                  PMDIN2L   0x000f58       data     extern C:\MCC18\src\traditional\proc\p18F45J50.asm
                 PMDOUT2H   0x000f5b       data     extern C:\MCC18\src\traditional\proc\p18F45J50.asm
                 PMDOUT2L   0x000f5a       data     extern C:\MCC18\src\traditional\proc\p18F45J50.asm
                     PMEH   0x000f57       data     extern C:\MCC18\src\traditional\proc\p18F45J50.asm
                 PMEHbits   0x000f57       data     extern C:\MCC18\src\traditional\proc\p18F45J50.asm
                     PMEL   0x000f56       data     extern C:\MCC18\src\traditional\proc\p18F45J50.asm
                 PMELbits   0x000f56       data     extern C:\MCC18\src\traditional\proc\p18F45J50.asm
                  PMMODEH   0x000f5d       data     extern C:\MCC18\src\traditional\proc\p18F45J50.asm
              PMMODEHbits   0x000f5d       data     extern C:\MCC18\src\traditional\proc\p18F45J50.asm
                  PMMODEL   0x000f5c       data     extern C:\MCC18\src\traditional\proc\p18F45J50.asm
              PMMODELbits   0x000f5c       data     extern C:\MCC18\src\traditional\proc\p18F45J50.asm
                  PMSTATH   0x000f55       data     extern C:\MCC18\src\traditional\proc\p18F45J50.asm
              PMSTATHbits   0x000f55       data     extern C:\MCC18\src\traditional\proc\p18F45J50.asm
                  PMSTATL   0x000f54       data     extern C:\MCC18\src\traditional\proc\p18F45J50.asm
              PMSTATLbits   0x000f54       data     extern C:\MCC18\src\traditional\proc\p18F45J50.asm
                    PORTA   0x000f80       data     extern C:\MCC18\src\traditional\proc\p18F45J50.asm
                PORTAbits   0x000f80       data     extern C:\MCC18\src\traditional\proc\p18F45J50.asm
                    PORTB   0x000f81       data     extern C:\MCC18\src\traditional\proc\p18F45J50.asm
                PORTBbits   0x000f81       data     extern C:\MCC18\src\traditional\proc\p18F45J50.asm
                    PORTC   0x000f82       data     extern C:\MCC18\src\traditional\proc\p18F45J50.asm
                PORTCbits   0x000f82       data     extern C:\MCC18\src\traditional\proc\p18F45J50.asm
                    PORTD   0x000f83       data     extern C:\MCC18\src\traditional\proc\p18F45J50.asm
                PORTDbits   0x000f83       data     extern C:\MCC18\src\traditional\proc\p18F45J50.asm
                    PORTE   0x000f84       data     extern C:\MCC18\src\traditional\proc\p18F45J50.asm
                PORTEbits   0x000f84       data     extern C:\MCC18\src\traditional\proc\p18F45J50.asm
                 POSTDEC0   0x000fed       data     extern C:\MCC18\src\traditional\proc\p18F45J50.asm
                 POSTDEC1   0x000fe5       data     extern C:\MCC18\src\traditional\proc\p18F45J50.asm
                 POSTDEC2   0x000fdd       data     extern C:\MCC18\src\traditional\proc\p18F45J50.asm
                 POSTINC0   0x000fee       data     extern C:\MCC18\src\traditional\proc\p18F45J50.asm
                 POSTINC1   0x000fe6       data     extern C:\MCC18\src\traditional\proc\p18F45J50.asm
                 POSTINC2   0x000fde       data     extern C:\MCC18\src\traditional\proc\p18F45J50.asm
                   PPSCON   0x000eff       data     extern C:\MCC18\src\traditional\proc\p18F45J50.asm
               PPSCONbits   0x000eff       data     extern C:\MCC18\src\traditional\proc\p18F45J50.asm
                      PR2   0x000fcb       data     extern C:\MCC18\src\traditional\proc\p18F45J50.asm
                      PR4   0x000f77       data     extern C:\MCC18\src\traditional\proc\p18F45J50.asm
                  PREINC0   0x000fec       data     extern C:\MCC18\src\traditional\proc\p18F45J50.asm
                  PREINC1   0x000fe4       data     extern C:\MCC18\src\traditional\proc\p18F45J50.asm
                  PREINC2   0x000fdc       data     extern C:\MCC18\src\traditional\proc\p18F45J50.asm
                     PROD   0x000ff3       data     extern C:\MCC18\src\traditional\proc\p18F45J50.asm
                    PRODH   0x000ff4       data     extern C:\MCC18\src\traditional\proc\p18F45J50.asm
                    PRODL   0x000ff3       data     extern C:\MCC18\src\traditional\proc\p18F45J50.asm
                 PSTR1CON   0x000fbf       data     extern C:\MCC18\src\traditional\proc\p18F45J50.asm
             PSTR1CONbits   0x000fbf       data     extern C:\MCC18\src\traditional\proc\p18F45J50.asm
                 PSTR2CON   0x000fb9       data     extern C:\MCC18\src\traditional\proc\p18F45J50.asm
             PSTR2CONbits   0x000fb9       data     extern C:\MCC18\src\traditional\proc\p18F45J50.asm
                  PWM1CON   0x000fbd       data     extern C:\MCC18\src\traditional\proc\p18F45J50.asm
              PWM1CONbits   0x000fbd       data     extern C:\MCC18\src\traditional\proc\p18F45J50.asm
                  PWM2CON   0x000fb7       data     extern C:\MCC18\src\traditional\proc\p18F45J50.asm
              PWM2CONbits   0x000fb7       data     extern C:\MCC18\src\traditional\proc\p18F45J50.asm
                     RCON   0x000fd0       data     extern C:\MCC18\src\traditional\proc\p18F45J50.asm
                 RCONbits   0x000fd0       data     extern C:\MCC18\src\traditional\proc\p18F45J50.asm
                   RCREG1   0x000faf       data     extern C:\MCC18\src\traditional\proc\p18F45J50.asm
                   RCREG2   0x000faa       data     extern C:\MCC18\src\traditional\proc\p18F45J50.asm
                   RCSTA1   0x000fac       data     extern C:\MCC18\src\traditional\proc\p18F45J50.asm
               RCSTA1bits   0x000fac       data     extern C:\MCC18\src\traditional\proc\p18F45J50.asm
                   RCSTA2   0x000f9c       data     extern C:\MCC18\src\traditional\proc\p18F45J50.asm
               RCSTA2bits   0x000f9c       data     extern C:\MCC18\src\traditional\proc\p18F45J50.asm
                  REFOCON   0x000f3d       data     extern C:\MCC18\src\traditional\proc\p18F45J50.asm
              REFOCONbits   0x000f3d       data     extern C:\MCC18\src\traditional\proc\p18F45J50.asm
                   RPINR1   0x000ee7       data     extern C:\MCC18\src\traditional\proc\p18F45J50.asm
                  RPINR12   0x000ef2       data     extern C:\MCC18\src\traditional\proc\p18F45J50.asm
                  RPINR13   0x000ef3       data     extern C:\MCC18\src\traditional\proc\p18F45J50.asm
                  RPINR16   0x000ef6       data     extern C:\MCC18\src\traditional\proc\p18F45J50.asm
                  RPINR17   0x000ef7       data     extern C:\MCC18\src\traditional\proc\p18F45J50.asm
                   RPINR2   0x000ee8       data     extern C:\MCC18\src\traditional\proc\p18F45J50.asm
                  RPINR21   0x000efb       data     extern C:\MCC18\src\traditional\proc\p18F45J50.asm
                  RPINR22   0x000efc       data     extern C:\MCC18\src\traditional\proc\p18F45J50.asm
                  RPINR23   0x000efd       data     extern C:\MCC18\src\traditional\proc\p18F45J50.asm
                  RPINR24   0x000efe       data     extern C:\MCC18\src\traditional\proc\p18F45J50.asm
                   RPINR3   0x000ee9       data     extern C:\MCC18\src\traditional\proc\p18F45J50.asm
                   RPINR4   0x000eea       data     extern C:\MCC18\src\traditional\proc\p18F45J50.asm
                   RPINR6   0x000eec       data     extern C:\MCC18\src\traditional\proc\p18F45J50.asm
                   RPINR7   0x000eed       data     extern C:\MCC18\src\traditional\proc\p18F45J50.asm
                   RPINR8   0x000eee       data     extern C:\MCC18\src\traditional\proc\p18F45J50.asm
                    RPOR0   0x000ec6       data     extern C:\MCC18\src\traditional\proc\p18F45J50.asm
                    RPOR1   0x000ec7       data     extern C:\MCC18\src\traditional\proc\p18F45J50.asm
                   RPOR10   0x000ed0       data     extern C:\MCC18\src\traditional\proc\p18F45J50.asm
                   RPOR11   0x000ed1       data     extern C:\MCC18\src\traditional\proc\p18F45J50.asm
                   RPOR12   0x000ed2       data     extern C:\MCC18\src\traditional\proc\p18F45J50.asm
                   RPOR13   0x000ed3       data     extern C:\MCC18\src\traditional\proc\p18F45J50.asm
                   RPOR17   0x000ed7       data     extern C:\MCC18\src\traditional\proc\p18F45J50.asm
                   RPOR18   0x000ed8       data     extern C:\MCC18\src\traditional\proc\p18F45J50.asm
                   RPOR19   0x000ed9       data     extern C:\MCC18\src\traditional\proc\p18F45J50.asm
                    RPOR2   0x000ec8       data     extern C:\MCC18\src\traditional\proc\p18F45J50.asm
                   RPOR20   0x000eda       data     extern C:\MCC18\src\traditional\proc\p18F45J50.asm
                   RPOR21   0x000edb       data     extern C:\MCC18\src\traditional\proc\p18F45J50.asm
                   RPOR22   0x000edc       data     extern C:\MCC18\src\traditional\proc\p18F45J50.asm
                   RPOR23   0x000edd       data     extern C:\MCC18\src\traditional\proc\p18F45J50.asm
                   RPOR24   0x000ede       data     extern C:\MCC18\src\traditional\proc\p18F45J50.asm
                    RPOR3   0x000ec9       data     extern C:\MCC18\src\traditional\proc\p18F45J50.asm
                    RPOR4   0x000eca       data     extern C:\MCC18\src\traditional\proc\p18F45J50.asm
                    RPOR5   0x000ecb       data     extern C:\MCC18\src\traditional\proc\p18F45J50.asm
                    RPOR6   0x000ecc       data     extern C:\MCC18\src\traditional\proc\p18F45J50.asm
                    RPOR7   0x000ecd       data     extern C:\MCC18\src\traditional\proc\p18F45J50.asm
                    RPOR8   0x000ece       data     extern C:\MCC18\src\traditional\proc\p18F45J50.asm
                    RPOR9   0x000ecf       data     extern C:\MCC18\src\traditional\proc\p18F45J50.asm
                   RTCCAL   0x000f3e       data     extern C:\MCC18\src\traditional\proc\p18F45J50.asm
               RTCCALbits   0x000f3e       data     extern C:\MCC18\src\traditional\proc\p18F45J50.asm
                   RTCCFG   0x000f3f       data     extern C:\MCC18\src\traditional\proc\p18F45J50.asm
               RTCCFGbits   0x000f3f       data     extern C:\MCC18\src\traditional\proc\p18F45J50.asm
                  RTCVALH   0x000f99       data     extern C:\MCC18\src\traditional\proc\p18F45J50.asm
                  RTCVALL   0x000f98       data     extern C:\MCC18\src\traditional\proc\p18F45J50.asm
                  RXADDRH   0x000f68       data     extern C:\MCC18\src\traditional\proc\p18F45J50.asm
              RXADDRHbits   0x000f68       data     extern C:\MCC18\src\traditional\proc\p18F45J50.asm
                  RXADDRL   0x000f69       data     extern C:\MCC18\src\traditional\proc\p18F45J50.asm
                     SIGN   0x000000       data     extern C:\MCC18\src\traditional\math\cmath18.asm
                   SPBRG1   0x000fb0       data     extern C:\MCC18\src\traditional\proc\p18F45J50.asm
                   SPBRG2   0x000fab       data     extern C:\MCC18\src\traditional\proc\p18F45J50.asm
                  SPBRGH1   0x000f7f       data     extern C:\MCC18\src\traditional\proc\p18F45J50.asm
                  SPBRGH2   0x000f7d       data     extern C:\MCC18\src\traditional\proc\p18F45J50.asm
                  SSP1ADD   0x000fc8       data     extern C:\MCC18\src\traditional\proc\p18F45J50.asm
              SSP1ADDbits   0x000fc8       data     extern C:\MCC18\src\traditional\proc\p18F45J50.asm
                  SSP1BUF   0x000fc9       data     extern C:\MCC18\src\traditional\proc\p18F45J50.asm
                 SSP1CON1   0x000fc6       data     extern C:\MCC18\src\traditional\proc\p18F45J50.asm
             SSP1CON1bits   0x000fc6       data     extern C:\MCC18\src\traditional\proc\p18F45J50.asm
                 SSP1CON2   0x000fc5       data     extern C:\MCC18\src\traditional\proc\p18F45J50.asm
             SSP1CON2bits   0x000fc5       data     extern C:\MCC18\src\traditional\proc\p18F45J50.asm
                 SSP1STAT   0x000fc7       data     extern C:\MCC18\src\traditional\proc\p18F45J50.asm
             SSP1STATbits   0x000fc7       data     extern C:\MCC18\src\traditional\proc\p18F45J50.asm
                  SSP2ADD   0x000f74       data     extern C:\MCC18\src\traditional\proc\p18F45J50.asm
              SSP2ADDbits   0x000f74       data     extern C:\MCC18\src\traditional\proc\p18F45J50.asm
                  SSP2BUF   0x000f75       data     extern C:\MCC18\src\traditional\proc\p18F45J50.asm
                 SSP2CON1   0x000f72       data     extern C:\MCC18\src\traditional\proc\p18F45J50.asm
             SSP2CON1bits   0x000f72       data     extern C:\MCC18\src\traditional\proc\p18F45J50.asm
                 SSP2CON2   0x000f71       data     extern C:\MCC18\src\traditional\proc\p18F45J50.asm
             SSP2CON2bits   0x000f71       data     extern C:\MCC18\src\traditional\proc\p18F45J50.asm
                 SSP2STAT   0x000f73       data     extern C:\MCC18\src\traditional\proc\p18F45J50.asm
             SSP2STATbits   0x000f73       data     extern C:\MCC18\src\traditional\proc\p18F45J50.asm
                   STATUS   0x000fd8       data     extern C:\MCC18\src\traditional\proc\p18F45J50.asm
               STATUSbits   0x000fd8       data     extern C:\MCC18\src\traditional\proc\p18F45J50.asm
                   STKPTR   0x000ffc       data     extern C:\MCC18\src\traditional\proc\p18F45J50.asm
               STKPTRbits   0x000ffc       data     extern C:\MCC18\src\traditional\proc\p18F45J50.asm
                    T0CON   0x000fd5       data     extern C:\MCC18\src\traditional\proc\p18F45J50.asm
                T0CONbits   0x000fd5       data     extern C:\MCC18\src\traditional\proc\p18F45J50.asm
                    T1CON   0x000fcd       data     extern C:\MCC18\src\traditional\proc\p18F45J50.asm
                T1CONbits   0x000fcd       data     extern C:\MCC18\src\traditional\proc\p18F45J50.asm
                   T1GCON   0x000f9a       data     extern C:\MCC18\src\traditional\proc\p18F45J50.asm
               T1GCONbits   0x000f9a       data     extern C:\MCC18\src\traditional\proc\p18F45J50.asm
                    T2CON   0x000fca       data     extern C:\MCC18\src\traditional\proc\p18F45J50.asm
                T2CONbits   0x000fca       data     extern C:\MCC18\src\traditional\proc\p18F45J50.asm
                    T3CON   0x000f79       data     extern C:\MCC18\src\traditional\proc\p18F45J50.asm
                T3CONbits   0x000f79       data     extern C:\MCC18\src\traditional\proc\p18F45J50.asm
                   T3GCON   0x000f97       data     extern C:\MCC18\src\traditional\proc\p18F45J50.asm
               T3GCONbits   0x000f97       data     extern C:\MCC18\src\traditional\proc\p18F45J50.asm
                    T4CON   0x000f76       data     extern C:\MCC18\src\traditional\proc\p18F45J50.asm
                T4CONbits   0x000f76       data     extern C:\MCC18\src\traditional\proc\p18F45J50.asm
                   TABLAT   0x000ff5       data     extern C:\MCC18\src\traditional\proc\p18F45J50.asm
                   TBLPTR   0x000ff6       data     extern C:\MCC18\src\traditional\proc\p18F45J50.asm
                  TBLPTRH   0x000ff7       data     extern C:\MCC18\src\traditional\proc\p18F45J50.asm
                  TBLPTRL   0x000ff6       data     extern C:\MCC18\src\traditional\proc\p18F45J50.asm
                  TBLPTRU   0x000ff8       data     extern C:\MCC18\src\traditional\proc\p18F45J50.asm
                  TCLKCON   0x000f52       data     extern C:\MCC18\src\traditional\proc\p18F45J50.asm
              TCLKCONbits   0x000f52       data     extern C:\MCC18\src\traditional\proc\p18F45J50.asm
                    TMR0H   0x000fd7       data     extern C:\MCC18\src\traditional\proc\p18F45J50.asm
                    TMR0L   0x000fd6       data     extern C:\MCC18\src\traditional\proc\p18F45J50.asm
                    TMR1H   0x000fcf       data     extern C:\MCC18\src\traditional\proc\p18F45J50.asm
                    TMR1L   0x000fce       data     extern C:\MCC18\src\traditional\proc\p18F45J50.asm
                     TMR2   0x000fcc       data     extern C:\MCC18\src\traditional\proc\p18F45J50.asm
                    TMR3H   0x000f7b       data     extern C:\MCC18\src\traditional\proc\p18F45J50.asm
                    TMR3L   0x000f7a       data     extern C:\MCC18\src\traditional\proc\p18F45J50.asm
                     TMR4   0x000f78       data     extern C:\MCC18\src\traditional\proc\p18F45J50.asm
                      TOS   0x000ffd       data     extern C:\MCC18\src\traditional\proc\p18F45J50.asm
                     TOSH   0x000ffe       data     extern C:\MCC18\src\traditional\proc\p18F45J50.asm
                     TOSL   0x000ffd       data     extern C:\MCC18\src\traditional\proc\p18F45J50.asm
                     TOSU   0x000fff       data     extern C:\MCC18\src\traditional\proc\p18F45J50.asm
                    TRISA   0x000f92       data     extern C:\MCC18\src\traditional\proc\p18F45J50.asm
                TRISAbits   0x000f92       data     extern C:\MCC18\src\traditional\proc\p18F45J50.asm
                    TRISB   0x000f93       data     extern C:\MCC18\src\traditional\proc\p18F45J50.asm
                TRISBbits   0x000f93       data     extern C:\MCC18\src\traditional\proc\p18F45J50.asm
                    TRISC   0x000f94       data     extern C:\MCC18\src\traditional\proc\p18F45J50.asm
                TRISCbits   0x000f94       data     extern C:\MCC18\src\traditional\proc\p18F45J50.asm
                    TRISD   0x000f95       data     extern C:\MCC18\src\traditional\proc\p18F45J50.asm
                TRISDbits   0x000f95       data     extern C:\MCC18\src\traditional\proc\p18F45J50.asm
                    TRISE   0x000f96       data     extern C:\MCC18\src\traditional\proc\p18F45J50.asm
                TRISEbits   0x000f96       data     extern C:\MCC18\src\traditional\proc\p18F45J50.asm
                  TXADDRH   0x000f6a       data     extern C:\MCC18\src\traditional\proc\p18F45J50.asm
              TXADDRHbits   0x000f6a       data     extern C:\MCC18\src\traditional\proc\p18F45J50.asm
                  TXADDRL   0x000f6b       data     extern C:\MCC18\src\traditional\proc\p18F45J50.asm
                   TXREG1   0x000fae       data     extern C:\MCC18\src\traditional\proc\p18F45J50.asm
                   TXREG2   0x000fa9       data     extern C:\MCC18\src\traditional\proc\p18F45J50.asm
                   TXSTA1   0x000fad       data     extern C:\MCC18\src\traditional\proc\p18F45J50.asm
               TXSTA1bits   0x000fad       data     extern C:\MCC18\src\traditional\proc\p18F45J50.asm
                   TXSTA2   0x000fa8       data     extern C:\MCC18\src\traditional\proc\p18F45J50.asm
               TXSTA2bits   0x000fa8       data     extern C:\MCC18\src\traditional\proc\p18F45J50.asm
                    UADDR   0x000f38       data     extern C:\MCC18\src\traditional\proc\p18F45J50.asm
                UADDRbits   0x000f38       data     extern C:\MCC18\src\traditional\proc\p18F45J50.asm
                     UCFG   0x000f39       data     extern C:\MCC18\src\traditional\proc\p18F45J50.asm
                 UCFGbits   0x000f39       data     extern C:\MCC18\src\traditional\proc\p18F45J50.asm
                     UCON   0x000f65       data     extern C:\MCC18\src\traditional\proc\p18F45J50.asm
                 UCONbits   0x000f65       data     extern C:\MCC18\src\traditional\proc\p18F45J50.asm
                     UEIE   0x000f37       data     extern C:\MCC18\src\traditional\proc\p18F45J50.asm
                 UEIEbits   0x000f37       data     extern C:\MCC18\src\traditional\proc\p18F45J50.asm
                     UEIR   0x000f63       data     extern C:\MCC18\src\traditional\proc\p18F45J50.asm
                 UEIRbits   0x000f63       data     extern C:\MCC18\src\traditional\proc\p18F45J50.asm
                     UEP0   0x000f26       data     extern C:\MCC18\src\traditional\proc\p18F45J50.asm
                 UEP0bits   0x000f26       data     extern C:\MCC18\src\traditional\proc\p18F45J50.asm
                     UEP1   0x000f27       data     extern C:\MCC18\src\traditional\proc\p18F45J50.asm
                    UEP10   0x000f30       data     extern C:\MCC18\src\traditional\proc\p18F45J50.asm
                UEP10bits   0x000f30       data     extern C:\MCC18\src\traditional\proc\p18F45J50.asm
                    UEP11   0x000f31       data     extern C:\MCC18\src\traditional\proc\p18F45J50.asm
                UEP11bits   0x000f31       data     extern C:\MCC18\src\traditional\proc\p18F45J50.asm
                    UEP12   0x000f32       data     extern C:\MCC18\src\traditional\proc\p18F45J50.asm
                UEP12bits   0x000f32       data     extern C:\MCC18\src\traditional\proc\p18F45J50.asm
                    UEP13   0x000f33       data     extern C:\MCC18\src\traditional\proc\p18F45J50.asm
                UEP13bits   0x000f33       data     extern C:\MCC18\src\traditional\proc\p18F45J50.asm
                    UEP14   0x000f34       data     extern C:\MCC18\src\traditional\proc\p18F45J50.asm
                UEP14bits   0x000f34       data     extern C:\MCC18\src\traditional\proc\p18F45J50.asm
                    UEP15   0x000f35       data     extern C:\MCC18\src\traditional\proc\p18F45J50.asm
                UEP15bits   0x000f35       data     extern C:\MCC18\src\traditional\proc\p18F45J50.asm
                 UEP1bits   0x000f27       data     extern C:\MCC18\src\traditional\proc\p18F45J50.asm
                     UEP2   0x000f28       data     extern C:\MCC18\src\traditional\proc\p18F45J50.asm
                 UEP2bits   0x000f28       data     extern C:\MCC18\src\traditional\proc\p18F45J50.asm
                     UEP3   0x000f29       data     extern C:\MCC18\src\traditional\proc\p18F45J50.asm
                 UEP3bits   0x000f29       data     extern C:\MCC18\src\traditional\proc\p18F45J50.asm
                     UEP4   0x000f2a       data     extern C:\MCC18\src\traditional\proc\p18F45J50.asm
                 UEP4bits   0x000f2a       data     extern C:\MCC18\src\traditional\proc\p18F45J50.asm
                     UEP5   0x000f2b       data     extern C:\MCC18\src\traditional\proc\p18F45J50.asm
                 UEP5bits   0x000f2b       data     extern C:\MCC18\src\traditional\proc\p18F45J50.asm
                     UEP6   0x000f2c       data     extern C:\MCC18\src\traditional\proc\p18F45J50.asm
                 UEP6bits   0x000f2c       data     extern C:\MCC18\src\traditional\proc\p18F45J50.asm
                     UEP7   0x000f2d       data     extern C:\MCC18\src\traditional\proc\p18F45J50.asm
                 UEP7bits   0x000f2d       data     extern C:\MCC18\src\traditional\proc\p18F45J50.asm
                     UEP8   0x000f2e       data     extern C:\MCC18\src\traditional\proc\p18F45J50.asm
                 UEP8bits   0x000f2e       data     extern C:\MCC18\src\traditional\proc\p18F45J50.asm
                     UEP9   0x000f2f       data     extern C:\MCC18\src\traditional\proc\p18F45J50.asm
                 UEP9bits   0x000f2f       data     extern C:\MCC18\src\traditional\proc\p18F45J50.asm
                     UFRM   0x000f60       data     extern C:\MCC18\src\traditional\proc\p18F45J50.asm
                    UFRMH   0x000f61       data     extern C:\MCC18\src\traditional\proc\p18F45J50.asm
                UFRMHbits   0x000f61       data     extern C:\MCC18\src\traditional\proc\p18F45J50.asm
                    UFRML   0x000f60       data     extern C:\MCC18\src\traditional\proc\p18F45J50.asm
                UFRMLbits   0x000f60       data     extern C:\MCC18\src\traditional\proc\p18F45J50.asm
                      UIE   0x000f36       data     extern C:\MCC18\src\traditional\proc\p18F45J50.asm
                  UIEbits   0x000f36       data     extern C:\MCC18\src\traditional\proc\p18F45J50.asm
                      UIR   0x000f62       data     extern C:\MCC18\src\traditional\proc\p18F45J50.asm
                  UIRbits   0x000f62       data     extern C:\MCC18\src\traditional\proc\p18F45J50.asm
                    USTAT   0x000f64       data     extern C:\MCC18\src\traditional\proc\p18F45J50.asm
                USTATbits   0x000f64       data     extern C:\MCC18\src\traditional\proc\p18F45J50.asm
                   WDTCON   0x000fc0       data     extern C:\MCC18\src\traditional\proc\p18F45J50.asm
               WDTCONbits   0x000fc0       data     extern C:\MCC18\src\traditional\proc\p18F45J50.asm
                     WREG   0x000fe8       data     extern C:\MCC18\src\traditional\proc\p18F45J50.asm
                 __AARGB0   0x000009       data     extern C:\MCC18\src\traditional\math\aarg.asm
                 __AARGB1   0x000008       data     extern C:\MCC18\src\traditional\math\aarg.asm
                 __AARGB2   0x000007       data     extern C:\MCC18\src\traditional\math\aarg.asm
                 __AARGB3   0x000006       data     extern C:\MCC18\src\traditional\math\aarg.asm
                 __AARGB4   0x000005       data     extern C:\MCC18\src\traditional\math\aarg.asm
                 __AARGB5   0x000004       data     extern C:\MCC18\src\traditional\math\aarg.asm
                 __AARGB6   0x000003       data     extern C:\MCC18\src\traditional\math\aarg.asm
                 __AARGB7   0x000002       data     extern C:\MCC18\src\traditional\math\aarg.asm
                   __AEXP   0x00000a       data     extern C:\MCC18\src\traditional\math\aarg.asm
                 __BARGB0   0x00000e       data     extern C:\MCC18\src\traditional\math\barg.asm
                 __BARGB1   0x00000d       data     extern C:\MCC18\src\traditional\math\barg.asm
                 __BARGB2   0x00000c       data     extern C:\MCC18\src\traditional\math\barg.asm
                 __BARGB3   0x00000b       data     extern C:\MCC18\src\traditional\math\barg.asm
                   __BEXP   0x00000f       data     extern C:\MCC18\src\traditional\math\barg.asm
                __FPFLAGS   0x000001       data     extern C:\MCC18\src\traditional\math\cmath18.asm
            __FPFLAGSbits   0x000001       data     extern C:\MCC18\src\traditional\math\cmath18.asm
                  __REMB0   0x000005       data     extern C:\MCC18\src\traditional\math\aarg.asm
                  __REMB1   0x000004       data     extern C:\MCC18\src\traditional\math\aarg.asm
                  __REMB2   0x000003       data     extern C:\MCC18\src\traditional\math\aarg.asm
                  __REMB3   0x000002       data     extern C:\MCC18\src\traditional\math\aarg.asm
                   __TEMP   0x000013       data     extern C:\MCC18\src\traditional\math\temparg.asm
                 __TEMPB0   0x000013       data     extern C:\MCC18\src\traditional\math\temparg.asm
                 __TEMPB1   0x000012       data     extern C:\MCC18\src\traditional\math\temparg.asm
                 __TEMPB2   0x000011       data     extern C:\MCC18\src\traditional\math\temparg.asm
                 __TEMPB3   0x000010       data     extern C:\MCC18\src\traditional\math\temparg.asm
                  __tmp_0   0x000014       data     static D:\Mist Wriper\MW Gen01 010113\Test Mist Wriper_1\Power\Power.c
                  __tmp_0   0x000014       data     static D:\Mist Wriper\MW Gen01 010113\Test Mist Wriper_1\USB\USB_Module.c
                  __tmp_0   0x000014       data     static D:\Mist Wriper\MW Gen01 010113\Test Mist Wriper_1\UI\Key.c
                  __tmp_0   0x000014       data     static D:\Mist Wriper\MW Gen01 010113\Test Mist Wriper_1\Module\Module.c
                  __tmp_0   0x000014       data     static D:\Mist Wriper\MW Gen01 010113\Test Mist Wriper_1\salloc\salloc.c
                  __tmp_0   0x000014       data     static D:\Mist Wriper\MW Gen01 010113\Test Mist Wriper_1\UI\UI.c
                  __tmp_0   0x000014       data     static D:\Mist Wriper\MW Gen01 010113\Test Mist Wriper_1\Power\ADC.c
                  __tmp_0   0x000014       data     static D:\Mist Wriper\MW Gen01 010113\Test Mist Wriper_1\Main\RTC.c
                  __tmp_0   0x000014       data     static D:\Mist Wriper\MW Gen01 010113\Test Mist Wriper_1\salloc\delay.c
                  __tmp_0   0x000014       data     static D:\Mist Wriper\MW Gen01 010113\Test Mist Wriper_1\Flash\Flash.c
            _uDynamicHeap   0x000a00       data     extern D:\Mist Wriper\MW Gen01 010113\Test Mist Wriper_1\salloc\salloc.c
                curr_byte   0x0000f3       data     static C:\MCC18\src\traditional\startup\c018i.c
               curr_entry   0x0000f5       data     static C:\MCC18\src\traditional\startup\c018i.c
                 data_ptr   0x0000f7       data     static C:\MCC18\src\traditional\startup\c018i.c
       g_ADC_SampleFinish   0x0000e3       data     extern D:\Mist Wriper\MW Gen01 010113\Test Mist Wriper_1\Power\ADC.h
   g_ADC_SampleFinishType   0x0000ee       data     extern D:\Mist Wriper\MW Gen01 010113\Test Mist Wriper_1\Power\ADC.h
         g_ADC_SampleTime   0x0000e5       data     extern D:\Mist Wriper\MW Gen01 010113\Test Mist Wriper_1\Power\ADC.h
         g_ADC_SampleType   0x0000e6       data     extern D:\Mist Wriper\MW Gen01 010113\Test Mist Wriper_1\Power\ADC.h
        g_ADC_SampleValue   0x0000e8       data     extern D:\Mist Wriper\MW Gen01 010113\Test Mist Wriper_1\Power\ADC.h
             g_ADC_Status   0x0000e4       data     extern D:\Mist Wriper\MW Gen01 010113\Test Mist Wriper_1\Power\ADC.h
           g_Full_Charged   0x0000c2       data     extern D:\Mist Wriper\MW Gen01 010113\Test Mist Wriper_1\Power\Power.h
           g_Key_NewEvent   0x0000fe       data     extern D:\Mist Wriper\MW Gen01 010113\Test Mist Wriper_1\UI\Key.h
              g_Key_State   0x0000fa       data     extern D:\Mist Wriper\MW Gen01 010113\Test Mist Wriper_1\UI\Key.h
     g_Module_SignalQueue   0x000e00       data     extern D:\Mist Wriper\MW Gen01 010113\Test Mist Wriper_1\Module\Module.c
    g_Power_BandGapSample   0x0000c5       data     extern D:\Mist Wriper\MW Gen01 010113\Test Mist Wriper_1\Power\Power.h
    g_Power_BatterySample   0x0000bf       data     extern D:\Mist Wriper\MW Gen01 010113\Test Mist Wriper_1\Power\Power.h
g_Power_ChargingSprayTurnonStatus   0x0000c4       data     extern D:\Mist Wriper\MW Gen01 010113\Test Mist Wriper_1\Power\Power.h
   g_Power_CurrentVoltage   0x0000c7       data     extern D:\Mist Wriper\MW Gen01 010113\Test Mist Wriper_1\Power\Power.h
g_Power_FullBatteryThreshold   0x0000cb       data     extern D:\Mist Wriper\MW Gen01 010113\Test Mist Wriper_1\Power\Power.h
g_Power_FullChargeTimeout   0x0000c6       data     extern D:\Mist Wriper\MW Gen01 010113\Test Mist Wriper_1\Power\Power.h
       g_Power_LowBattery   0x0000c3       data     extern D:\Mist Wriper\MW Gen01 010113\Test Mist Wriper_1\Power\Power.h
g_Power_LowBatteryThreshold   0x0000c9       data     extern D:\Mist Wriper\MW Gen01 010113\Test Mist Wriper_1\Power\Power.h
      g_Power_SampleCount   0x0000c0       data     extern D:\Mist Wriper\MW Gen01 010113\Test Mist Wriper_1\Power\Power.h
         g_Power_ShutDown   0x0000c1       data     extern D:\Mist Wriper\MW Gen01 010113\Test Mist Wriper_1\Power\Power.h
      g_Power_TempBattery   0x0000cd       data     extern D:\Mist Wriper\MW Gen01 010113\Test Mist Wriper_1\Power\Power.h
         g_RTC_HalfSecond   0x0000be       data     extern D:\Mist Wriper\MW Gen01 010113\Test Mist Wriper_1\Main\RTC.h
        g_RTC_SystemTimer   0x0000a7       data     extern D:\Mist Wriper\MW Gen01 010113\Test Mist Wriper_1\Main\RTC.h
       g_RTC_SystemUptime   0x0000ba       data     extern D:\Mist Wriper\MW Gen01 010113\Test Mist Wriper_1\Main\RTC.h
          g_RTC_TimerFlag   0x0000b8       data     extern D:\Mist Wriper\MW Gen01 010113\Test Mist Wriper_1\Main\RTC.h
  g_UI_AlternateBlinkFlag   0x0000e1       data     extern D:\Mist Wriper\MW Gen01 010113\Test Mist Wriper_1\UI\UI.h
           g_UI_DutyIndex   0x0000a4       data     extern D:\Mist Wriper\MW Gen01 010113\Test Mist Wriper_1\UI\UI.c
        g_UI_LEDFastBlink   0x0000dc       data     extern D:\Mist Wriper\MW Gen01 010113\Test Mist Wriper_1\UI\UI.h
   g_UI_LowBatFlashStatus   0x0000e2       data     extern D:\Mist Wriper\MW Gen01 010113\Test Mist Wriper_1\UI\UI.h
           g_UI_PWMStatus   0x0000a6       data     extern D:\Mist Wriper\MW Gen01 010113\Test Mist Wriper_1\UI\UI.c
g_UI_PiezoPowerDutyCycleOff   0x000082       data     extern D:\Mist Wriper\MW Gen01 010113\Test Mist Wriper_1\UI\UI.c
g_UI_PiezoPowerDutyCycleOn   0x000060       data     extern D:\Mist Wriper\MW Gen01 010113\Test Mist Wriper_1\UI\UI.c
              g_UI_Status   0x0000d3       data     extern D:\Mist Wriper\MW Gen01 010113\Test Mist Wriper_1\UI\UI.h
        g_UI_TestModeFlag   0x0000e0       data     extern D:\Mist Wriper\MW Gen01 010113\Test Mist Wriper_1\UI\UI.h
              g_USB_State   0x000e04       data     extern D:\Mist Wriper\MW Gen01 010113\Test Mist Wriper_1\USB\USB_Module.h
                     prom   0x0000f0       data     static C:\MCC18\src\traditional\startup\c018i.c



                              Symbols - Sorted by Address
                     Name    Address   Location    Storage File                     
                ---------  ---------  ---------  --------- ---------                
                   _entry   0x000000    program     extern C:\MCC18\src\traditional\startup\c018i.c
       ___return_lbl00000   0x000004    program     static                          
[...]
                  HLVDCON   0x000f85       data     extern C:\MCC18\src\traditional\proc\p18F45J50.asm
              HLVDCONbits   0x000f85       data     extern C:\MCC18\src\traditional\proc\p18F45J50.asm
                  DMACON2   0x000f86       data     extern C:\MCC18\src\traditional\proc\p18F45J50.asm
              DMACON2bits   0x000f86       data     extern C:\MCC18\src\traditional\proc\p18F45J50.asm
                 DMATXBUF   0x000f87       data     extern C:\MCC18\src\traditional\proc\p18F45J50.asm
                  DMACON1   0x000f88       data     extern C:\MCC18\src\traditional\proc\p18F45J50.asm
              DMACON1bits   0x000f88       data     extern C:\MCC18\src\traditional\proc\p18F45J50.asm
                     LATA   0x000f89       data     extern C:\MCC18\src\traditional\proc\p18F45J50.asm
                 LATAbits   0x000f89       data     extern C:\MCC18\src\traditional\proc\p18F45J50.asm
                 LATBbits   0x000f8a       data     extern C:\MCC18\src\traditional\proc\p18F45J50.asm
                     LATB   0x000f8a       data     extern C:\MCC18\src\traditional\proc\p18F45J50.asm
                     LATC   0x000f8b       data     extern C:\MCC18\src\traditional\proc\p18F45J50.asm
                 LATCbits   0x000f8b       data     extern C:\MCC18\src\traditional\proc\p18F45J50.asm
                 LATDbits   0x000f8c       data     extern C:\MCC18\src\traditional\proc\p18F45J50.asm
                     LATD   0x000f8c       data     extern C:\MCC18\src\traditional\proc\p18F45J50.asm
                 LATEbits   0x000f8d       data     extern C:\MCC18\src\traditional\proc\p18F45J50.asm
                     LATE   0x000f8d       data     extern C:\MCC18\src\traditional\proc\p18F45J50.asm
                 ALRMVALL   0x000f8e       data     extern C:\MCC18\src\traditional\proc\p18F45J50.asm
                 ALRMVALH   0x000f8f       data     extern C:\MCC18\src\traditional\proc\p18F45J50.asm
              ALRMRPTbits   0x000f90       data     extern C:\MCC18\src\traditional\proc\p18F45J50.asm
                  ALRMRPT   0x000f90       data     extern C:\MCC18\src\traditional\proc\p18F45J50.asm
              ALRMCFGbits   0x000f91       data     extern C:\MCC18\src\traditional\proc\p18F45J50.asm
                  ALRMCFG   0x000f91       data     extern C:\MCC18\src\traditional\proc\p18F45J50.asm
                    TRISA   0x000f92       data     extern C:\MCC18\src\traditional\proc\p18F45J50.asm
                TRISAbits   0x000f92       data     extern C:\MCC18\src\traditional\proc\p18F45J50.asm
                    TRISB   0x000f93       data     extern C:\MCC18\src\traditional\proc\p18F45J50.asm
                TRISBbits   0x000f93       data     extern C:\MCC18\src\traditional\proc\p18F45J50.asm
                    TRISC   0x000f94       data     extern C:\MCC18\src\traditional\proc\p18F45J50.asm
                TRISCbits   0x000f94       data     extern C:\MCC18\src\traditional\proc\p18F45J50.asm
                    TRISD   0x000f95       data     extern C:\MCC18\src\traditional\proc\p18F45J50.asm
                TRISDbits   0x000f95       data     extern C:\MCC18\src\traditional\proc\p18F45J50.asm
                    TRISE   0x000f96       data     extern C:\MCC18\src\traditional\proc\p18F45J50.asm
                TRISEbits   0x000f96       data     extern C:\MCC18\src\traditional\proc\p18F45J50.asm
               T3GCONbits   0x000f97       data     extern C:\MCC18\src\traditional\proc\p18F45J50.asm
                   T3GCON   0x000f97       data     extern C:\MCC18\src\traditional\proc\p18F45J50.asm
                  RTCVALL   0x000f98       data     extern C:\MCC18\src\traditional\proc\p18F45J50.asm
                  RTCVALH   0x000f99       data     extern C:\MCC18\src\traditional\proc\p18F45J50.asm
                   T1GCON   0x000f9a       data     extern C:\MCC18\src\traditional\proc\p18F45J50.asm
               T1GCONbits   0x000f9a       data     extern C:\MCC18\src\traditional\proc\p18F45J50.asm
                  OSCTUNE   0x000f9b       data     extern C:\MCC18\src\traditional\proc\p18F45J50.asm
              OSCTUNEbits   0x000f9b       data     extern C:\MCC18\src\traditional\proc\p18F45J50.asm
               RCSTA2bits   0x000f9c       data     extern C:\MCC18\src\traditional\proc\p18F45J50.asm
                   RCSTA2   0x000f9c       data     extern C:\MCC18\src\traditional\proc\p18F45J50.asm
                 PIE1bits   0x000f9d       data     extern C:\MCC18\src\traditional\proc\p18F45J50.asm
                     PIE1   0x000f9d       data     extern C:\MCC18\src\traditional\proc\p18F45J50.asm
                     PIR1   0x000f9e       data     extern C:\MCC18\src\traditional\proc\p18F45J50.asm
                 PIR1bits   0x000f9e       data     extern C:\MCC18\src\traditional\proc\p18F45J50.asm
                     IPR1   0x000f9f       data     extern C:\MCC18\src\traditional\proc\p18F45J50.asm
                 IPR1bits   0x000f9f       data     extern C:\MCC18\src\traditional\proc\p18F45J50.asm
                     PIE2   0x000fa0       data     extern C:\MCC18\src\traditional\proc\p18F45J50.asm
                 PIE2bits   0x000fa0       data     extern C:\MCC18\src\traditional\proc\p18F45J50.asm
                     PIR2   0x000fa1       data     extern C:\MCC18\src\traditional\proc\p18F45J50.asm
                 PIR2bits   0x000fa1       data     extern C:\MCC18\src\traditional\proc\p18F45J50.asm
                     IPR2   0x000fa2       data     extern C:\MCC18\src\traditional\proc\p18F45J50.asm
                 IPR2bits   0x000fa2       data     extern C:\MCC18\src\traditional\proc\p18F45J50.asm
                     PIE3   0x000fa3       data     extern C:\MCC18\src\traditional\proc\p18F45J50.asm
                 PIE3bits   0x000fa3       data     extern C:\MCC18\src\traditional\proc\p18F45J50.asm
                     PIR3   0x000fa4       data     extern C:\MCC18\src\traditional\proc\p18F45J50.asm
                 PIR3bits   0x000fa4       data     extern C:\MCC18\src\traditional\proc\p18F45J50.asm
                 IPR3bits   0x000fa5       data     extern C:\MCC18\src\traditional\proc\p18F45J50.asm
                     IPR3   0x000fa5       data     extern C:\MCC18\src\traditional\proc\p18F45J50.asm
               EECON1bits   0x000fa6       data     extern C:\MCC18\src\traditional\proc\p18F45J50.asm
                   EECON1   0x000fa6       data     extern C:\MCC18\src\traditional\proc\p18F45J50.asm
                   EECON2   0x000fa7       data     extern C:\MCC18\src\traditional\proc\p18F45J50.asm
                   TXSTA2   0x000fa8       data     extern C:\MCC18\src\traditional\proc\p18F45J50.asm
               TXSTA2bits   0x000fa8       data     extern C:\MCC18\src\traditional\proc\p18F45J50.asm
                   TXREG2   0x000fa9       data     extern C:\MCC18\src\traditional\proc\p18F45J50.asm
                   RCREG2   0x000faa       data     extern C:\MCC18\src\traditional\proc\p18F45J50.asm
                   SPBRG2   0x000fab       data     extern C:\MCC18\src\traditional\proc\p18F45J50.asm
                   RCSTA1   0x000fac       data     extern C:\MCC18\src\traditional\proc\p18F45J50.asm
               RCSTA1bits   0x000fac       data     extern C:\MCC18\src\traditional\proc\p18F45J50.asm
               TXSTA1bits   0x000fad       data     extern C:\MCC18\src\traditional\proc\p18F45J50.asm
                   TXSTA1   0x000fad       data     extern C:\MCC18\src\traditional\proc\p18F45J50.asm
                   TXREG1   0x000fae       data     extern C:\MCC18\src\traditional\proc\p18F45J50.asm
                   RCREG1   0x000faf       data     extern C:\MCC18\src\traditional\proc\p18F45J50.asm
                   SPBRG1   0x000fb0       data     extern C:\MCC18\src\traditional\proc\p18F45J50.asm
             CTMUICONbits   0x000fb1       data     extern C:\MCC18\src\traditional\proc\p18F45J50.asm
                 CTMUICON   0x000fb1       data     extern C:\MCC18\src\traditional\proc\p18F45J50.asm
             CTMUCONLbits   0x000fb2       data     extern C:\MCC18\src\traditional\proc\p18F45J50.asm
                 CTMUCONL   0x000fb2       data     extern C:\MCC18\src\traditional\proc\p18F45J50.asm
                 CTMUCONH   0x000fb3       data     extern C:\MCC18\src\traditional\proc\p18F45J50.asm
             CTMUCONHbits   0x000fb3       data     extern C:\MCC18\src\traditional\proc\p18F45J50.asm
              CCP2CONbits   0x000fb4       data     extern C:\MCC18\src\traditional\proc\p18F45J50.asm
                  CCP2CON   0x000fb4       data     extern C:\MCC18\src\traditional\proc\p18F45J50.asm
                   CCPR2L   0x000fb5       data     extern C:\MCC18\src\traditional\proc\p18F45J50.asm
                    CCPR2   0x000fb5       data     extern C:\MCC18\src\traditional\proc\p18F45J50.asm
                   CCPR2H   0x000fb6       data     extern C:\MCC18\src\traditional\proc\p18F45J50.asm
              PWM2CONbits   0x000fb7       data     extern C:\MCC18\src\traditional\proc\p18F45J50.asm
                  PWM2CON   0x000fb7       data     extern C:\MCC18\src\traditional\proc\p18F45J50.asm
              ECCP2ASbits   0x000fb8       data     extern C:\MCC18\src\traditional\proc\p18F45J50.asm
                  ECCP2AS   0x000fb8       data     extern C:\MCC18\src\traditional\proc\p18F45J50.asm
                 PSTR2CON   0x000fb9       data     extern C:\MCC18\src\traditional\proc\p18F45J50.asm
             PSTR2CONbits   0x000fb9       data     extern C:\MCC18\src\traditional\proc\p18F45J50.asm
              CCP1CONbits   0x000fba       data     extern C:\MCC18\src\traditional\proc\p18F45J50.asm
                  CCP1CON   0x000fba       data     extern C:\MCC18\src\traditional\proc\p18F45J50.asm
                    CCPR1   0x000fbb       data     extern C:\MCC18\src\traditional\proc\p18F45J50.asm
                   CCPR1L   0x000fbb       data     extern C:\MCC18\src\traditional\proc\p18F45J50.asm
                   CCPR1H   0x000fbc       data     extern C:\MCC18\src\traditional\proc\p18F45J50.asm
                  PWM1CON   0x000fbd       data     extern C:\MCC18\src\traditional\proc\p18F45J50.asm
              PWM1CONbits   0x000fbd       data     extern C:\MCC18\src\traditional\proc\p18F45J50.asm
                  ECCP1AS   0x000fbe       data     extern C:\MCC18\src\traditional\proc\p18F45J50.asm
              ECCP1ASbits   0x000fbe       data     extern C:\MCC18\src\traditional\proc\p18F45J50.asm
             PSTR1CONbits   0x000fbf       data     extern C:\MCC18\src\traditional\proc\p18F45J50.asm
                 PSTR1CON   0x000fbf       data     extern C:\MCC18\src\traditional\proc\p18F45J50.asm
               WDTCONbits   0x000fc0       data     extern C:\MCC18\src\traditional\proc\p18F45J50.asm
                   WDTCON   0x000fc0       data     extern C:\MCC18\src\traditional\proc\p18F45J50.asm
                   ADCON1   0x000fc1       data     extern C:\MCC18\src\traditional\proc\p18F45J50.asm
               ADCON1bits   0x000fc1       data     extern C:\MCC18\src\traditional\proc\p18F45J50.asm
                   ADCON0   0x000fc2       data     extern C:\MCC18\src\traditional\proc\p18F45J50.asm
               ADCON0bits   0x000fc2       data     extern C:\MCC18\src\traditional\proc\p18F45J50.asm
                    ADRES   0x000fc3       data     extern C:\MCC18\src\traditional\proc\p18F45J50.asm
                   ADRESL   0x000fc3       data     extern C:\MCC18\src\traditional\proc\p18F45J50.asm
                   ADRESH   0x000fc4       data     extern C:\MCC18\src\traditional\proc\p18F45J50.asm
             SSP1CON2bits   0x000fc5       data     extern C:\MCC18\src\traditional\proc\p18F45J50.asm
                 SSP1CON2   0x000fc5       data     extern C:\MCC18\src\traditional\proc\p18F45J50.asm
                 SSP1CON1   0x000fc6       data     extern C:\MCC18\src\traditional\proc\p18F45J50.asm
             SSP1CON1bits   0x000fc6       data     extern C:\MCC18\src\traditional\proc\p18F45J50.asm
             SSP1STATbits   0x000fc7       data     extern C:\MCC18\src\traditional\proc\p18F45J50.asm
                 SSP1STAT   0x000fc7       data     extern C:\MCC18\src\traditional\proc\p18F45J50.asm
                  SSP1ADD   0x000fc8       data     extern C:\MCC18\src\traditional\proc\p18F45J50.asm
              SSP1ADDbits   0x000fc8       data     extern C:\MCC18\src\traditional\proc\p18F45J50.asm
                  SSP1BUF   0x000fc9       data     extern C:\MCC18\src\traditional\proc\p18F45J50.asm
                T2CONbits   0x000fca       data     extern C:\MCC18\src\traditional\proc\p18F45J50.asm
                    T2CON   0x000fca       data     extern C:\MCC18\src\traditional\proc\p18F45J50.asm
                      PR2   0x000fcb       data     extern C:\MCC18\src\traditional\proc\p18F45J50.asm
                     TMR2   0x000fcc       data     extern C:\MCC18\src\traditional\proc\p18F45J50.asm
                T1CONbits   0x000fcd       data     extern C:\MCC18\src\traditional\proc\p18F45J50.asm
                    T1CON   0x000fcd       data     extern C:\MCC18\src\traditional\proc\p18F45J50.asm
                    TMR1L   0x000fce       data     extern C:\MCC18\src\traditional\proc\p18F45J50.asm
                    TMR1H   0x000fcf       data     extern C:\MCC18\src\traditional\proc\p18F45J50.asm
                 RCONbits   0x000fd0       data     extern C:\MCC18\src\traditional\proc\p18F45J50.asm
                     RCON   0x000fd0       data     extern C:\MCC18\src\traditional\proc\p18F45J50.asm
                  CM2CON1   0x000fd1       data     extern C:\MCC18\src\traditional\proc\p18F45J50.asm
              CM2CON1bits   0x000fd1       data     extern C:\MCC18\src\traditional\proc\p18F45J50.asm
                  CM1CON1   0x000fd2       data     extern C:\MCC18\src\traditional\proc\p18F45J50.asm
              CM1CON1bits   0x000fd2       data     extern C:\MCC18\src\traditional\proc\p18F45J50.asm
               OSCCONbits   0x000fd3       data     extern C:\MCC18\src\traditional\proc\p18F45J50.asm
                   OSCCON   0x000fd3       data     extern C:\MCC18\src\traditional\proc\p18F45J50.asm
                    T0CON   0x000fd5       data     extern C:\MCC18\src\traditional\proc\p18F45J50.asm
                T0CONbits   0x000fd5       data     extern C:\MCC18\src\traditional\proc\p18F45J50.asm
                    TMR0L   0x000fd6       data     extern C:\MCC18\src\traditional\proc\p18F45J50.asm
                    TMR0H   0x000fd7       data     extern C:\MCC18\src\traditional\proc\p18F45J50.asm
               STATUSbits   0x000fd8       data     extern C:\MCC18\src\traditional\proc\p18F45J50.asm
                   STATUS   0x000fd8       data     extern C:\MCC18\src\traditional\proc\p18F45J50.asm
                     FSR2   0x000fd9       data     extern C:\MCC18\src\traditional\proc\p18F45J50.asm
                    FSR2L   0x000fd9       data     extern C:\MCC18\src\traditional\proc\p18F45J50.asm
                    FSR2H   0x000fda       data     extern C:\MCC18\src\traditional\proc\p18F45J50.asm
                   PLUSW2   0x000fdb       data     extern C:\MCC18\src\traditional\proc\p18F45J50.asm
                  PREINC2   0x000fdc       data     extern C:\MCC18\src\traditional\proc\p18F45J50.asm
                 POSTDEC2   0x000fdd       data     extern C:\MCC18\src\traditional\proc\p18F45J50.asm
                 POSTINC2   0x000fde       data     extern C:\MCC18\src\traditional\proc\p18F45J50.asm
                    INDF2   0x000fdf       data     extern C:\MCC18\src\traditional\proc\p18F45J50.asm
                      BSR   0x000fe0       data     extern C:\MCC18\src\traditional\proc\p18F45J50.asm
                    FSR1L   0x000fe1       data     extern C:\MCC18\src\traditional\proc\p18F45J50.asm
                     FSR1   0x000fe1       data     extern C:\MCC18\src\traditional\proc\p18F45J50.asm
                    FSR1H   0x000fe2       data     extern C:\MCC18\src\traditional\proc\p18F45J50.asm
                   PLUSW1   0x000fe3       data     extern C:\MCC18\src\traditional\proc\p18F45J50.asm
                  PREINC1   0x000fe4       data     extern C:\MCC18\src\traditional\proc\p18F45J50.asm
                 POSTDEC1   0x000fe5       data     extern C:\MCC18\src\traditional\proc\p18F45J50.asm
                 POSTINC1   0x000fe6       data     extern C:\MCC18\src\traditional\proc\p18F45J50.asm
                    INDF1   0x000fe7       data     extern C:\MCC18\src\traditional\proc\p18F45J50.asm
                     WREG   0x000fe8       data     extern C:\MCC18\src\traditional\proc\p18F45J50.asm
                    FSR0L   0x000fe9       data     extern C:\MCC18\src\traditional\proc\p18F45J50.asm
                     FSR0   0x000fe9       data     extern C:\MCC18\src\traditional\proc\p18F45J50.asm
                    FSR0H   0x000fea       data     extern C:\MCC18\src\traditional\proc\p18F45J50.asm
                   PLUSW0   0x000feb       data     extern C:\MCC18\src\traditional\proc\p18F45J50.asm
                  PREINC0   0x000fec       data     extern C:\MCC18\src\traditional\proc\p18F45J50.asm
                 POSTDEC0   0x000fed       data     extern C:\MCC18\src\traditional\proc\p18F45J50.asm
                 POSTINC0   0x000fee       data     extern C:\MCC18\src\traditional\proc\p18F45J50.asm
                    INDF0   0x000fef       data     extern C:\MCC18\src\traditional\proc\p18F45J50.asm
              INTCON3bits   0x000ff0       data     extern C:\MCC18\src\traditional\proc\p18F45J50.asm
                  INTCON3   0x000ff0       data     extern C:\MCC18\src\traditional\proc\p18F45J50.asm
              INTCON2bits   0x000ff1       data     extern C:\MCC18\src\traditional\proc\p18F45J50.asm
                  INTCON2   0x000ff1       data     extern C:\MCC18\src\traditional\proc\p18F45J50.asm
               INTCONbits   0x000ff2       data     extern C:\MCC18\src\traditional\proc\p18F45J50.asm
                   INTCON   0x000ff2       data     extern C:\MCC18\src\traditional\proc\p18F45J50.asm
                    PRODL   0x000ff3       data     extern C:\MCC18\src\traditional\proc\p18F45J50.asm
                     PROD   0x000ff3       data     extern C:\MCC18\src\traditional\proc\p18F45J50.asm
                    PRODH   0x000ff4       data     extern C:\MCC18\src\traditional\proc\p18F45J50.asm
                   TABLAT   0x000ff5       data     extern C:\MCC18\src\traditional\proc\p18F45J50.asm
                  TBLPTRL   0x000ff6       data     extern C:\MCC18\src\traditional\proc\p18F45J50.asm
                   TBLPTR   0x000ff6       data     extern C:\MCC18\src\traditional\proc\p18F45J50.asm
                  TBLPTRH   0x000ff7       data     extern C:\MCC18\src\traditional\proc\p18F45J50.asm
                  TBLPTRU   0x000ff8       data     extern C:\MCC18\src\traditional\proc\p18F45J50.asm
                      PCL   0x000ff9       data     extern C:\MCC18\src\traditional\proc\p18F45J50.asm
                       PC   0x000ff9       data     extern C:\MCC18\src\traditional\proc\p18F45J50.asm
                   PCLATH   0x000ffa       data     extern C:\MCC18\src\traditional\proc\p18F45J50.asm
                   PCLATU   0x000ffb       data     extern C:\MCC18\src\traditional\proc\p18F45J50.asm
               STKPTRbits   0x000ffc       data     extern C:\MCC18\src\traditional\proc\p18F45J50.asm
                   STKPTR   0x000ffc       data     extern C:\MCC18\src\traditional\proc\p18F45J50.asm
                      TOS   0x000ffd       data     extern C:\MCC18\src\traditional\proc\p18F45J50.asm
                     TOSL   0x000ffd       data     extern C:\MCC18\src\traditional\proc\p18F45J50.asm
                     TOSH   0x000ffe       data     extern C:\MCC18\src\traditional\proc\p18F45J50.asm
                     TOSU   0x000fff       data     extern C:\MCC18\src\traditional\proc\p18F45J50.asm


